Traceback (most recent call last):
  File "/home/piado/projects/aip-lindell/piado/vae/Open-Sora/scripts/vae/train.py", line 2165, in <module>
    main()
  File "/home/piado/projects/aip-lindell/piado/vae/Open-Sora/scripts/vae/train.py", line 876, in main
    device, coordinator = setup_device()
                          ^^^^^^^^^^^^^^
  File "/project/6101839/piado/vae/Open-Sora/opensora/utils/train.py", line 80, in setup_device
    dist.init_process_group(backend="nccl", timeout=timedelta(hours=24))
  File "/home/piado/.local/lib/python3.11/site-packages/torch/distributed/c10d_logger.py", line 83, in wrapper
    return func(*args, **kwargs)
           ^^^^^^^^^^^^^^^^^^^^^
  File "/home/piado/.local/lib/python3.11/site-packages/torch/distributed/c10d_logger.py", line 97, in wrapper
    func_return = func(*args, **kwargs)
                  ^^^^^^^^^^^^^^^^^^^^^
  File "/home/piado/.local/lib/python3.11/site-packages/torch/distributed/distributed_c10d.py", line 1806, in init_process_group
    store, rank, world_size = next(rendezvous_iterator)
                              ^^^^^^^^^^^^^^^^^^^^^^^^^
  File "/home/piado/.local/lib/python3.11/site-packages/torch/distributed/rendezvous.py", line 281, in _env_rendezvous_handler
    store = _create_c10d_store(
            ^^^^^^^^^^^^^^^^^^^
  File "/home/piado/.local/lib/python3.11/site-packages/torch/distributed/rendezvous.py", line 200, in _create_c10d_store
    return TCPStore(
           ^^^^^^^^^
torch.distributed.DistNetworkError: The server socket has failed to listen on any local network address. port: 29500, useIpv6: false, code: -98, name: EADDRINUSE, message: address already in use
Traceback (most recent call last):
  File "/home/piado/.local/bin/accelerate", line 8, in <module>
    sys.exit(main())
             ^^^^^^
  File "/home/piado/.local/lib/python3.11/site-packages/accelerate/commands/accelerate_cli.py", line 50, in main
    args.func(args)
  File "/home/piado/.local/lib/python3.11/site-packages/accelerate/commands/launch.py", line 1281, in launch_command
    simple_launcher(args)
  File "/home/piado/.local/lib/python3.11/site-packages/accelerate/commands/launch.py", line 869, in simple_launcher
    raise subprocess.CalledProcessError(returncode=process.returncode, cmd=cmd)
subprocess.CalledProcessError: Command '['/cvmfs/soft.computecanada.ca/easybuild/software/2023/x86-64-v3/Compiler/gcccore/python/3.11.5/bin/python', '/home/piado/projects/aip-lindell/piado/vae/Open-Sora/scripts/vae/train.py', '/home/piado/projects/aip-lindell/piado/vae/Open-Sora/configs/vae/train/wan_multiview_finetune.py', '--model.fusion_mode', 'conv3d', '--model.lora_rank', '64', '--experiment_name', 'conv3d_rank64']' returned non-zero exit status 1.
