Total experiments: 12
Running: vae_fusion_lora_sweep_v1_self_attention_rank128
Overrides: --model.fusion_mode self_attention --model.lora_rank 128 --experiment_name self_attention_rank128
Mon Mar 23 22:40:47 2026       
+-----------------------------------------------------------------------------------------+
| NVIDIA-SMI 570.148.08             Driver Version: 570.148.08     CUDA Version: 12.8     |
|-----------------------------------------+------------------------+----------------------+
| GPU  Name                 Persistence-M | Bus-Id          Disp.A | Volatile Uncorr. ECC |
| Fan  Temp   Perf          Pwr:Usage/Cap |           Memory-Usage | GPU-Util  Compute M. |
|                                         |                        |               MIG M. |
|=========================================+========================+======================|
|   0  NVIDIA L40S                    On  |   00000000:17:00.0 Off |                    0 |
| N/A   36C    P8             35W /  350W |       0MiB /  46068MiB |      0%      Default |
|                                         |                        |                  N/A |
+-----------------------------------------+------------------------+----------------------+
                                                                                         
+-----------------------------------------------------------------------------------------+
| Processes:                                                                              |
|  GPU   GI   CI              PID   Type   Process name                        GPU Memory |
|        ID   ID                                                               Usage      |
|=========================================================================================|
|  No running processes found                                                             |
+-----------------------------------------------------------------------------------------+
changing outputs/self_attention_rank128 to share
PTVideoDataset: Found 1 .pt file(s)
[MultiviewWanVideoVAE] Loaded Wan 2.1 into crossview_vae: /home/piado/scratch/Wan2.1_VAE.pth
  -> 194 ckpt keys; 181 missing, 76 unexpected
Trainable params: 62505808
modulated mixed image ratio: 0.0
[step_time] Average wall time over first 10 training steps: 2.3681 s
[BOTTLENECK] step 200 | total_step 0.728s | time/data_load: 0.000s (0%) | time/forward: 0.288s (40%) | time/loss_compute: 0.011s (2%) | time/backward: 0.387s (53%) | time/optimizer: 0.033s (5%) | time/total_step: 0.728s (100%)
  -> at this rate 1000 steps ≈ 12.1 min
[BOTTLENECK] step 400 | total_step 0.734s | time/data_load: 0.000s (0%) | time/forward: 0.293s (40%) | time/loss_compute: 0.012s (2%) | time/backward: 0.388s (53%) | time/optimizer: 0.033s (5%) | time/total_step: 0.734s (100%)
  -> at this rate 1000 steps ≈ 12.2 min
[BOTTLENECK] step 600 | total_step 0.741s | time/data_load: 0.000s (0%) | time/forward: 0.296s (40%) | time/loss_compute: 0.012s (2%) | time/backward: 0.391s (53%) | time/optimizer: 0.034s (5%) | time/total_step: 0.741s (100%)
  -> at this rate 1000 steps ≈ 12.3 min
[BOTTLENECK] step 800 | total_step 0.737s | time/data_load: 0.000s (0%) | time/forward: 0.295s (40%) | time/loss_compute: 0.012s (2%) | time/backward: 0.389s (53%) | time/optimizer: 0.034s (5%) | time/total_step: 0.737s (100%)
  -> at this rate 1000 steps ≈ 12.3 min
[BOTTLENECK] step 1000 | total_step 0.740s | time/data_load: 0.000s (0%) | time/forward: 0.296s (40%) | time/loss_compute: 0.012s (2%) | time/backward: 0.390s (53%) | time/optimizer: 0.034s (5%) | time/total_step: 0.740s (100%)
  -> at this rate 1000 steps ≈ 12.3 min
[BOTTLENECK] step 1200 | total_step 0.748s | time/data_load: 0.000s (0%) | time/forward: 0.300s (40%) | time/loss_compute: 0.013s (2%) | time/backward: 0.393s (52%) | time/optimizer: 0.035s (5%) | time/total_step: 0.748s (100%)
  -> at this rate 1000 steps ≈ 12.5 min
[BOTTLENECK] step 1400 | total_step 0.745s | time/data_load: 0.000s (0%) | time/forward: 0.299s (40%) | time/loss_compute: 0.013s (2%) | time/backward: 0.392s (53%) | time/optimizer: 0.034s (5%) | time/total_step: 0.745s (100%)
  -> at this rate 1000 steps ≈ 12.4 min
[BOTTLENECK] step 1600 | total_step 0.753s | time/data_load: 0.000s (0%) | time/forward: 0.304s (40%) | time/loss_compute: 0.013s (2%) | time/backward: 0.393s (52%) | time/optimizer: 0.035s (5%) | time/total_step: 0.753s (100%)
  -> at this rate 1000 steps ≈ 12.5 min
[BOTTLENECK] step 1800 | total_step 0.759s | time/data_load: 0.000s (0%) | time/forward: 0.306s (40%) | time/loss_compute: 0.014s (2%) | time/backward: 0.396s (52%) | time/optimizer: 0.035s (5%) | time/total_step: 0.759s (100%)
  -> at this rate 1000 steps ≈ 12.7 min
[BOTTLENECK] step 2000 | total_step 0.763s | time/data_load: 0.000s (0%) | time/forward: 0.310s (41%) | time/loss_compute: 0.013s (2%) | time/backward: 0.398s (52%) | time/optimizer: 0.035s (5%) | time/total_step: 0.763s (100%)
  -> at this rate 1000 steps ≈ 12.7 min
[BOTTLENECK] step 2200 | total_step 0.758s | time/data_load: 0.000s (0%) | time/forward: 0.304s (40%) | time/loss_compute: 0.012s (2%) | time/backward: 0.399s (53%) | time/optimizer: 0.035s (5%) | time/total_step: 0.758s (100%)
  -> at this rate 1000 steps ≈ 12.6 min
[BOTTLENECK] step 2400 | total_step 0.789s | time/data_load: 0.000s (0%) | time/forward: 0.318s (40%) | time/loss_compute: 0.015s (2%) | time/backward: 0.412s (52%) | time/optimizer: 0.037s (5%) | time/total_step: 0.789s (100%)
  -> at this rate 1000 steps ≈ 13.1 min
[BOTTLENECK] step 2600 | total_step 0.767s | time/data_load: 0.000s (0%) | time/forward: 0.308s (40%) | time/loss_compute: 0.013s (2%) | time/backward: 0.403s (52%) | time/optimizer: 0.036s (5%) | time/total_step: 0.767s (100%)
  -> at this rate 1000 steps ≈ 12.8 min
[BOTTLENECK] step 2800 | total_step 0.767s | time/data_load: 0.000s (0%) | time/forward: 0.308s (40%) | time/loss_compute: 0.013s (2%) | time/backward: 0.401s (52%) | time/optimizer: 0.036s (5%) | time/total_step: 0.767s (100%)
  -> at this rate 1000 steps ≈ 12.8 min
[BOTTLENECK] step 3000 | total_step 0.786s | time/data_load: 0.000s (0%) | time/forward: 0.317s (40%) | time/loss_compute: 0.014s (2%) | time/backward: 0.410s (52%) | time/optimizer: 0.037s (5%) | time/total_step: 0.786s (100%)
  -> at this rate 1000 steps ≈ 13.1 min
[BOTTLENECK] step 3200 | total_step 0.778s | time/data_load: 0.000s (0%) | time/forward: 0.313s (40%) | time/loss_compute: 0.013s (2%) | time/backward: 0.408s (52%) | time/optimizer: 0.036s (5%) | time/total_step: 0.778s (100%)
  -> at this rate 1000 steps ≈ 13.0 min
[BOTTLENECK] step 3400 | total_step 0.820s | time/data_load: 0.000s (0%) | time/forward: 0.333s (41%) | time/loss_compute: 0.016s (2%) | time/backward: 0.424s (52%) | time/optimizer: 0.038s (5%) | time/total_step: 0.820s (100%)
  -> at this rate 1000 steps ≈ 13.7 min
[BOTTLENECK] step 3600 | total_step 0.795s | time/data_load: 0.000s (0%) | time/forward: 0.322s (41%) | time/loss_compute: 0.014s (2%) | time/backward: 0.413s (52%) | time/optimizer: 0.037s (5%) | time/total_step: 0.795s (100%)
  -> at this rate 1000 steps ≈ 13.2 min
[BOTTLENECK] step 3800 | total_step 0.792s | time/data_load: 0.000s (0%) | time/forward: 0.321s (41%) | time/loss_compute: 0.014s (2%) | time/backward: 0.413s (52%) | time/optimizer: 0.037s (5%) | time/total_step: 0.792s (100%)
  -> at this rate 1000 steps ≈ 13.2 min
[BOTTLENECK] step 4000 | total_step 0.828s | time/data_load: 0.000s (0%) | time/forward: 0.339s (41%) | time/loss_compute: 0.017s (2%) | time/backward: 0.426s (52%) | time/optimizer: 0.038s (5%) | time/total_step: 0.828s (100%)
  -> at this rate 1000 steps ≈ 13.8 min
[BOTTLENECK] step 4200 | total_step 0.816s | time/data_load: 0.000s (0%) | time/forward: 0.333s (41%) | time/loss_compute: 0.016s (2%) | time/backward: 0.421s (52%) | time/optimizer: 0.038s (5%) | time/total_step: 0.816s (100%)
  -> at this rate 1000 steps ≈ 13.6 min
[BOTTLENECK] step 4400 | total_step 0.776s | time/data_load: 0.000s (0%) | time/forward: 0.316s (41%) | time/loss_compute: 0.014s (2%) | time/backward: 0.403s (52%) | time/optimizer: 0.036s (5%) | time/total_step: 0.776s (100%)
  -> at this rate 1000 steps ≈ 12.9 min
[BOTTLENECK] step 4600 | total_step 0.763s | time/data_load: 0.000s (0%) | time/forward: 0.309s (40%) | time/loss_compute: 0.013s (2%) | time/backward: 0.398s (52%) | time/optimizer: 0.035s (5%) | time/total_step: 0.763s (100%)
  -> at this rate 1000 steps ≈ 12.7 min
[BOTTLENECK] step 4800 | total_step 0.798s | time/data_load: 0.000s (0%) | time/forward: 0.325s (41%) | time/loss_compute: 0.015s (2%) | time/backward: 0.414s (52%) | time/optimizer: 0.037s (5%) | time/total_step: 0.798s (100%)
  -> at this rate 1000 steps ≈ 13.3 min
[BOTTLENECK] step 5000 | total_step 0.777s | time/data_load: 0.000s (0%) | time/forward: 0.316s (41%) | time/loss_compute: 0.013s (2%) | time/backward: 0.404s (52%) | time/optimizer: 0.036s (5%) | time/total_step: 0.777s (100%)
  -> at this rate 1000 steps ≈ 12.9 min
[BOTTLENECK] step 5200 | total_step 0.749s | time/data_load: 0.000s (0%) | time/forward: 0.305s (41%) | time/loss_compute: 0.012s (2%) | time/backward: 0.390s (52%) | time/optimizer: 0.034s (5%) | time/total_step: 0.749s (100%)
  -> at this rate 1000 steps ≈ 12.5 min
[BOTTLENECK] step 5400 | total_step 0.772s | time/data_load: 0.000s (0%) | time/forward: 0.318s (41%) | time/loss_compute: 0.015s (2%) | time/backward: 0.396s (51%) | time/optimizer: 0.035s (5%) | time/total_step: 0.772s (100%)
  -> at this rate 1000 steps ≈ 12.9 min
[BOTTLENECK] step 5600 | total_step 0.780s | time/data_load: 0.000s (0%) | time/forward: 0.321s (41%) | time/loss_compute: 0.015s (2%) | time/backward: 0.400s (51%) | time/optimizer: 0.036s (5%) | time/total_step: 0.780s (100%)
  -> at this rate 1000 steps ≈ 13.0 min
[BOTTLENECK] step 5800 | total_step 0.755s | time/data_load: 0.000s (0%) | time/forward: 0.309s (41%) | time/loss_compute: 0.013s (2%) | time/backward: 0.391s (52%) | time/optimizer: 0.035s (5%) | time/total_step: 0.755s (100%)
  -> at this rate 1000 steps ≈ 12.6 min
[BOTTLENECK] step 6000 | total_step 0.762s | time/data_load: 0.000s (0%) | time/forward: 0.312s (41%) | time/loss_compute: 0.014s (2%) | time/backward: 0.394s (52%) | time/optimizer: 0.035s (5%) | time/total_step: 0.762s (100%)
  -> at this rate 1000 steps ≈ 12.7 min
[BOTTLENECK] step 6200 | total_step 0.753s | time/data_load: 0.000s (0%) | time/forward: 0.308s (41%) | time/loss_compute: 0.013s (2%) | time/backward: 0.391s (52%) | time/optimizer: 0.035s (5%) | time/total_step: 0.753s (100%)
  -> at this rate 1000 steps ≈ 12.6 min
[BOTTLENECK] step 6400 | total_step 0.760s | time/data_load: 0.000s (0%) | time/forward: 0.310s (41%) | time/loss_compute: 0.013s (2%) | time/backward: 0.394s (52%) | time/optimizer: 0.035s (5%) | time/total_step: 0.760s (100%)
  -> at this rate 1000 steps ≈ 12.7 min
[BOTTLENECK] step 6600 | total_step 0.750s | time/data_load: 0.000s (0%) | time/forward: 0.307s (41%) | time/loss_compute: 0.012s (2%) | time/backward: 0.389s (52%) | time/optimizer: 0.034s (5%) | time/total_step: 0.750s (100%)
  -> at this rate 1000 steps ≈ 12.5 min
[BOTTLENECK] step 6800 | total_step 0.752s | time/data_load: 0.000s (0%) | time/forward: 0.308s (41%) | time/loss_compute: 0.013s (2%) | time/backward: 0.390s (52%) | time/optimizer: 0.034s (5%) | time/total_step: 0.752s (100%)
  -> at this rate 1000 steps ≈ 12.5 min
[BOTTLENECK] step 7000 | total_step 0.751s | time/data_load: 0.000s (0%) | time/forward: 0.308s (41%) | time/loss_compute: 0.013s (2%) | time/backward: 0.389s (52%) | time/optimizer: 0.034s (5%) | time/total_step: 0.751s (100%)
  -> at this rate 1000 steps ≈ 12.5 min
[BOTTLENECK] step 7200 | total_step 0.753s | time/data_load: 0.000s (0%) | time/forward: 0.309s (41%) | time/loss_compute: 0.013s (2%) | time/backward: 0.390s (52%) | time/optimizer: 0.034s (5%) | time/total_step: 0.753s (100%)
  -> at this rate 1000 steps ≈ 12.5 min
[BOTTLENECK] step 7400 | total_step 0.754s | time/data_load: 0.000s (0%) | time/forward: 0.310s (41%) | time/loss_compute: 0.013s (2%) | time/backward: 0.390s (52%) | time/optimizer: 0.034s (5%) | time/total_step: 0.754s (100%)
  -> at this rate 1000 steps ≈ 12.6 min
