Total experiments: 12
Running: vae_fusion_lora_sweep_v1_cross_attention_rank128
Overrides: --model.fusion_mode cross_attention --model.lora_rank 128 --experiment_name cross_attention_rank128
Mon Mar 23 22:40:19 2026       
+-----------------------------------------------------------------------------------------+
| NVIDIA-SMI 570.148.08             Driver Version: 570.148.08     CUDA Version: 12.8     |
|-----------------------------------------+------------------------+----------------------+
| GPU  Name                 Persistence-M | Bus-Id          Disp.A | Volatile Uncorr. ECC |
| Fan  Temp   Perf          Pwr:Usage/Cap |           Memory-Usage | GPU-Util  Compute M. |
|                                         |                        |               MIG M. |
|=========================================+========================+======================|
|   0  NVIDIA L40S                    On  |   00000000:65:00.0 Off |                    0 |
| N/A   30C    P8             34W /  350W |       0MiB /  46068MiB |      0%      Default |
|                                         |                        |                  N/A |
+-----------------------------------------+------------------------+----------------------+
                                                                                         
+-----------------------------------------------------------------------------------------+
| Processes:                                                                              |
|  GPU   GI   CI              PID   Type   Process name                        GPU Memory |
|        ID   ID                                                               Usage      |
|=========================================================================================|
|  No running processes found                                                             |
+-----------------------------------------------------------------------------------------+
changing outputs/cross_attention_rank128 to share
PTVideoDataset: Found 1 .pt file(s)
[MultiviewWanVideoVAE] Loaded Wan 2.1 into crossview_vae: /home/piado/scratch/Wan2.1_VAE.pth
  -> 194 ckpt keys; 181 missing, 76 unexpected
Trainable params: 62505808
modulated mixed image ratio: 0.0
[step_time] Average wall time over first 10 training steps: 7.1254 s
[BOTTLENECK] step 200 | total_step 2.277s | time/data_load: 0.000s (0%) | time/forward: 0.918s (40%) | time/loss_compute: 0.031s (1%) | time/backward: 1.200s (53%) | time/optimizer: 0.105s (5%) | time/total_step: 2.277s (100%)
  -> at this rate 1000 steps ≈ 37.9 min
[BOTTLENECK] step 400 | total_step 2.283s | time/data_load: 0.000s (0%) | time/forward: 0.928s (41%) | time/loss_compute: 0.032s (1%) | time/backward: 1.194s (52%) | time/optimizer: 0.106s (5%) | time/total_step: 2.283s (100%)
  -> at this rate 1000 steps ≈ 38.0 min
[BOTTLENECK] step 600 | total_step 2.289s | time/data_load: 0.000s (0%) | time/forward: 0.930s (41%) | time/loss_compute: 0.032s (1%) | time/backward: 1.198s (52%) | time/optimizer: 0.107s (5%) | time/total_step: 2.289s (100%)
  -> at this rate 1000 steps ≈ 38.2 min
[BOTTLENECK] step 800 | total_step 2.291s | time/data_load: 0.000s (0%) | time/forward: 0.933s (41%) | time/loss_compute: 0.032s (1%) | time/backward: 1.196s (52%) | time/optimizer: 0.107s (5%) | time/total_step: 2.291s (100%)
  -> at this rate 1000 steps ≈ 38.2 min
[BOTTLENECK] step 1000 | total_step 2.296s | time/data_load: 0.000s (0%) | time/forward: 0.935s (41%) | time/loss_compute: 0.032s (1%) | time/backward: 1.198s (52%) | time/optimizer: 0.107s (5%) | time/total_step: 2.296s (100%)
  -> at this rate 1000 steps ≈ 38.3 min
[BOTTLENECK] step 1200 | total_step 2.299s | time/data_load: 0.000s (0%) | time/forward: 0.937s (41%) | time/loss_compute: 0.032s (1%) | time/backward: 1.199s (52%) | time/optimizer: 0.107s (5%) | time/total_step: 2.299s (100%)
  -> at this rate 1000 steps ≈ 38.3 min
[BOTTLENECK] step 1400 | total_step 2.298s | time/data_load: 0.000s (0%) | time/forward: 0.937s (41%) | time/loss_compute: 0.032s (1%) | time/backward: 1.199s (52%) | time/optimizer: 0.107s (5%) | time/total_step: 2.298s (100%)
  -> at this rate 1000 steps ≈ 38.3 min
[BOTTLENECK] step 1600 | total_step 2.303s | time/data_load: 0.000s (0%) | time/forward: 0.938s (41%) | time/loss_compute: 0.033s (1%) | time/backward: 1.203s (52%) | time/optimizer: 0.107s (5%) | time/total_step: 2.303s (100%)
  -> at this rate 1000 steps ≈ 38.4 min
[BOTTLENECK] step 1800 | total_step 2.299s | time/data_load: 0.000s (0%) | time/forward: 0.939s (41%) | time/loss_compute: 0.032s (1%) | time/backward: 1.198s (52%) | time/optimizer: 0.107s (5%) | time/total_step: 2.299s (100%)
  -> at this rate 1000 steps ≈ 38.3 min
[BOTTLENECK] step 2000 | total_step 2.297s | time/data_load: 0.000s (0%) | time/forward: 0.938s (41%) | time/loss_compute: 0.032s (1%) | time/backward: 1.199s (52%) | time/optimizer: 0.107s (5%) | time/total_step: 2.297s (100%)
  -> at this rate 1000 steps ≈ 38.3 min
[BOTTLENECK] step 2200 | total_step 2.302s | time/data_load: 0.000s (0%) | time/forward: 0.939s (41%) | time/loss_compute: 0.032s (1%) | time/backward: 1.201s (52%) | time/optimizer: 0.107s (5%) | time/total_step: 2.302s (100%)
  -> at this rate 1000 steps ≈ 38.4 min
[BOTTLENECK] step 2400 | total_step 2.301s | time/data_load: 0.000s (0%) | time/forward: 0.940s (41%) | time/loss_compute: 0.032s (1%) | time/backward: 1.199s (52%) | time/optimizer: 0.107s (5%) | time/total_step: 2.301s (100%)
  -> at this rate 1000 steps ≈ 38.3 min
