=== wan_multiview_train_mv4d_loss_sweep task 45/54 idx=44 ===
wandb_expr_name=sweep_mv4d__perc2p0__d03__k1em8
experiment_name (outputs dir)=sweep_mv4d__perc2p0__d03__k1em8__job3167866_t45
epochs=30 bucket_config={'128px_ar1:1':{9:(1.0,1)}}
Overrides: --discriminator_choice TrainMultiview4D --vae_loss_config.perceptual_loss_weight 2.0 --gen_disc_weight 0.3 --sweep_gen_disc_weight 0.3 --vae_loss_config.kl_loss_weight 1e-8
Wed Apr 15 07:53:31 2026       
+-----------------------------------------------------------------------------------------+
| NVIDIA-SMI 570.148.08             Driver Version: 570.148.08     CUDA Version: 12.8     |
|-----------------------------------------+------------------------+----------------------+
| GPU  Name                 Persistence-M | Bus-Id          Disp.A | Volatile Uncorr. ECC |
| Fan  Temp   Perf          Pwr:Usage/Cap |           Memory-Usage | GPU-Util  Compute M. |
|                                         |                        |               MIG M. |
|=========================================+========================+======================|
|   0  NVIDIA L40S                    On  |   00000000:65:00.0 Off |                    0 |
| N/A   37C    P8             35W /  350W |       0MiB /  46068MiB |      0%      Default |
|                                         |                        |                  N/A |
+-----------------------------------------+------------------------+----------------------+
                                                                                         
+-----------------------------------------------------------------------------------------+
| Processes:                                                                              |
|  GPU   GI   CI              PID   Type   Process name                        GPU Memory |
|        ID   ID                                                               Usage      |
|=========================================================================================|
|  No running processes found                                                             |
+-----------------------------------------------------------------------------------------+
MASTER_ADDR=127.0.0.1 MASTER_PORT=27911
DYNAMO_BACKEND=inductor
Launch attempt 1/3 on port 27911
[wan_multiview] effective data: epochs=30 DATA_ROOT=/datasets/lindell-proj/neumayr/nersemble_v2/processed/128-res train_target_hw=(128, 128) train_target_frames=9 bucket_config={'128px_ar1:1': {9: (1.0, 1)}}
changing outputs/sweep_mv4d__perc2p0__d03__k1em8__job3167866_t45 to share
PTVideoDataset: Found 405 .pt file(s)
PTVideoDataset: Found 10 .pt file(s)
[MultiviewWanVideoVAE] Loaded Wan 2.1 into crossview_vae: /home/piado/scratch/Wan2.1_VAE.pth
  -> 194 ckpt keys; 228 missing, 90 unexpected
modulated mixed image ratio: 0.0
[step_time] Average wall time over first 10 training steps: 3.1155 s
[04/15/26 08:00:54] INFO     colossalai - colossalai - INFO:                    
                             /home/piado/.local/lib/python3.11/site-packages/col
                             ossalai/booster/plugin/low_level_zero_plugin.py:240
                              save_sharded_optimizer                            
                    INFO     colossalai - colossalai - INFO: The optimizer is   
                             going to be split to checkpoint shards. You can    
                             find where each parameters has been saved in the   
                             index located at pytorch_optim.bin.index.json.     
[04/15/26 08:07:14] INFO     colossalai - colossalai - INFO:                    
                             /home/piado/.local/lib/python3.11/site-packages/col
                             ossalai/booster/plugin/low_level_zero_plugin.py:240
                              save_sharded_optimizer                            
                    INFO     colossalai - colossalai - INFO: The optimizer is   
                             going to be split to checkpoint shards. You can    
                             find where each parameters has been saved in the   
                             index located at pytorch_optim.bin.index.json.     
[04/15/26 08:13:36] INFO     colossalai - colossalai - INFO:                    
                             /home/piado/.local/lib/python3.11/site-packages/col
                             ossalai/booster/plugin/low_level_zero_plugin.py:240
                              save_sharded_optimizer                            
                    INFO     colossalai - colossalai - INFO: The optimizer is   
                             going to be split to checkpoint shards. You can    
                             find where each parameters has been saved in the   
                             index located at pytorch_optim.bin.index.json.     
[04/15/26 08:19:57] INFO     colossalai - colossalai - INFO:                    
                             /home/piado/.local/lib/python3.11/site-packages/col
                             ossalai/booster/plugin/low_level_zero_plugin.py:240
                              save_sharded_optimizer                            
                    INFO     colossalai - colossalai - INFO: The optimizer is   
                             going to be split to checkpoint shards. You can    
                             find where each parameters has been saved in the   
                             index located at pytorch_optim.bin.index.json.     
[04/15/26 08:26:19] INFO     colossalai - colossalai - INFO:                    
                             /home/piado/.local/lib/python3.11/site-packages/col
                             ossalai/booster/plugin/low_level_zero_plugin.py:240
                              save_sharded_optimizer                            
                    INFO     colossalai - colossalai - INFO: The optimizer is   
                             going to be split to checkpoint shards. You can    
                             find where each parameters has been saved in the   
                             index located at pytorch_optim.bin.index.json.     
[04/15/26 08:32:43] INFO     colossalai - colossalai - INFO:                    
                             /home/piado/.local/lib/python3.11/site-packages/col
                             ossalai/booster/plugin/low_level_zero_plugin.py:240
                              save_sharded_optimizer                            
                    INFO     colossalai - colossalai - INFO: The optimizer is   
                             going to be split to checkpoint shards. You can    
                             find where each parameters has been saved in the   
                             index located at pytorch_optim.bin.index.json.     
[04/15/26 08:39:08] INFO     colossalai - colossalai - INFO:                    
                             /home/piado/.local/lib/python3.11/site-packages/col
                             ossalai/booster/plugin/low_level_zero_plugin.py:240
                              save_sharded_optimizer                            
                    INFO     colossalai - colossalai - INFO: The optimizer is   
                             going to be split to checkpoint shards. You can    
                             find where each parameters has been saved in the   
                             index located at pytorch_optim.bin.index.json.     
[04/15/26 08:45:30] INFO     colossalai - colossalai - INFO:                    
                             /home/piado/.local/lib/python3.11/site-packages/col
                             ossalai/booster/plugin/low_level_zero_plugin.py:240
                              save_sharded_optimizer                            
                    INFO     colossalai - colossalai - INFO: The optimizer is   
                             going to be split to checkpoint shards. You can    
                             find where each parameters has been saved in the   
                             index located at pytorch_optim.bin.index.json.     
[04/15/26 08:51:54] INFO     colossalai - colossalai - INFO:                    
                             /home/piado/.local/lib/python3.11/site-packages/col
                             ossalai/booster/plugin/low_level_zero_plugin.py:240
                              save_sharded_optimizer                            
                    INFO     colossalai - colossalai - INFO: The optimizer is   
                             going to be split to checkpoint shards. You can    
                             find where each parameters has been saved in the   
                             index located at pytorch_optim.bin.index.json.     
[04/15/26 08:58:20] INFO     colossalai - colossalai - INFO:                    
                             /home/piado/.local/lib/python3.11/site-packages/col
                             ossalai/booster/plugin/low_level_zero_plugin.py:240
                              save_sharded_optimizer                            
                    INFO     colossalai - colossalai - INFO: The optimizer is   
                             going to be split to checkpoint shards. You can    
                             find where each parameters has been saved in the   
                             index located at pytorch_optim.bin.index.json.     
[04/15/26 09:04:43] INFO     colossalai - colossalai - INFO:                    
                             /home/piado/.local/lib/python3.11/site-packages/col
                             ossalai/booster/plugin/low_level_zero_plugin.py:240
                              save_sharded_optimizer                            
                    INFO     colossalai - colossalai - INFO: The optimizer is   
                             going to be split to checkpoint shards. You can    
                             find where each parameters has been saved in the   
                             index located at pytorch_optim.bin.index.json.     
[04/15/26 09:11:05] INFO     colossalai - colossalai - INFO:                    
                             /home/piado/.local/lib/python3.11/site-packages/col
                             ossalai/booster/plugin/low_level_zero_plugin.py:240
                              save_sharded_optimizer                            
                    INFO     colossalai - colossalai - INFO: The optimizer is   
                             going to be split to checkpoint shards. You can    
                             find where each parameters has been saved in the   
                             index located at pytorch_optim.bin.index.json.     
[04/15/26 09:17:28] INFO     colossalai - colossalai - INFO:                    
                             /home/piado/.local/lib/python3.11/site-packages/col
                             ossalai/booster/plugin/low_level_zero_plugin.py:240
                              save_sharded_optimizer                            
                    INFO     colossalai - colossalai - INFO: The optimizer is   
                             going to be split to checkpoint shards. You can    
                             find where each parameters has been saved in the   
                             index located at pytorch_optim.bin.index.json.     
[04/15/26 09:23:51] INFO     colossalai - colossalai - INFO:                    
                             /home/piado/.local/lib/python3.11/site-packages/col
                             ossalai/booster/plugin/low_level_zero_plugin.py:240
                              save_sharded_optimizer                            
                    INFO     colossalai - colossalai - INFO: The optimizer is   
                             going to be split to checkpoint shards. You can    
                             find where each parameters has been saved in the   
                             index located at pytorch_optim.bin.index.json.     
[04/15/26 09:30:13] INFO     colossalai - colossalai - INFO:                    
                             /home/piado/.local/lib/python3.11/site-packages/col
                             ossalai/booster/plugin/low_level_zero_plugin.py:240
                              save_sharded_optimizer                            
                    INFO     colossalai - colossalai - INFO: The optimizer is   
                             going to be split to checkpoint shards. You can    
                             find where each parameters has been saved in the   
                             index located at pytorch_optim.bin.index.json.     
[04/15/26 09:36:38] INFO     colossalai - colossalai - INFO:                    
                             /home/piado/.local/lib/python3.11/site-packages/col
                             ossalai/booster/plugin/low_level_zero_plugin.py:240
                              save_sharded_optimizer                            
                    INFO     colossalai - colossalai - INFO: The optimizer is   
                             going to be split to checkpoint shards. You can    
                             find where each parameters has been saved in the   
                             index located at pytorch_optim.bin.index.json.     
[04/15/26 09:43:08] INFO     colossalai - colossalai - INFO:                    
                             /home/piado/.local/lib/python3.11/site-packages/col
                             ossalai/booster/plugin/low_level_zero_plugin.py:240
                              save_sharded_optimizer                            
                    INFO     colossalai - colossalai - INFO: The optimizer is   
                             going to be split to checkpoint shards. You can    
                             find where each parameters has been saved in the   
                             index located at pytorch_optim.bin.index.json.     
[04/15/26 09:49:37] INFO     colossalai - colossalai - INFO:                    
                             /home/piado/.local/lib/python3.11/site-packages/col
                             ossalai/booster/plugin/low_level_zero_plugin.py:240
                              save_sharded_optimizer                            
                    INFO     colossalai - colossalai - INFO: The optimizer is   
                             going to be split to checkpoint shards. You can    
                             find where each parameters has been saved in the   
                             index located at pytorch_optim.bin.index.json.     
[04/15/26 09:56:06] INFO     colossalai - colossalai - INFO:                    
                             /home/piado/.local/lib/python3.11/site-packages/col
                             ossalai/booster/plugin/low_level_zero_plugin.py:240
                              save_sharded_optimizer                            
                    INFO     colossalai - colossalai - INFO: The optimizer is   
                             going to be split to checkpoint shards. You can    
                             find where each parameters has been saved in the   
                             index located at pytorch_optim.bin.index.json.     
[04/15/26 10:02:36] INFO     colossalai - colossalai - INFO:                    
                             /home/piado/.local/lib/python3.11/site-packages/col
                             ossalai/booster/plugin/low_level_zero_plugin.py:240
                              save_sharded_optimizer                            
                    INFO     colossalai - colossalai - INFO: The optimizer is   
                             going to be split to checkpoint shards. You can    
                             find where each parameters has been saved in the   
                             index located at pytorch_optim.bin.index.json.     
[04/15/26 10:09:06] INFO     colossalai - colossalai - INFO:                    
                             /home/piado/.local/lib/python3.11/site-packages/col
                             ossalai/booster/plugin/low_level_zero_plugin.py:240
                              save_sharded_optimizer                            
                    INFO     colossalai - colossalai - INFO: The optimizer is   
                             going to be split to checkpoint shards. You can    
                             find where each parameters has been saved in the   
                             index located at pytorch_optim.bin.index.json.     
[04/15/26 10:15:35] INFO     colossalai - colossalai - INFO:                    
                             /home/piado/.local/lib/python3.11/site-packages/col
                             ossalai/booster/plugin/low_level_zero_plugin.py:240
                              save_sharded_optimizer                            
                    INFO     colossalai - colossalai - INFO: The optimizer is   
                             going to be split to checkpoint shards. You can    
                             find where each parameters has been saved in the   
                             index located at pytorch_optim.bin.index.json.     
[04/15/26 10:22:05] INFO     colossalai - colossalai - INFO:                    
                             /home/piado/.local/lib/python3.11/site-packages/col
                             ossalai/booster/plugin/low_level_zero_plugin.py:240
                              save_sharded_optimizer                            
                    INFO     colossalai - colossalai - INFO: The optimizer is   
                             going to be split to checkpoint shards. You can    
                             find where each parameters has been saved in the   
                             index located at pytorch_optim.bin.index.json.     
[04/15/26 10:28:34] INFO     colossalai - colossalai - INFO:                    
                             /home/piado/.local/lib/python3.11/site-packages/col
                             ossalai/booster/plugin/low_level_zero_plugin.py:240
                              save_sharded_optimizer                            
                    INFO     colossalai - colossalai - INFO: The optimizer is   
                             going to be split to checkpoint shards. You can    
                             find where each parameters has been saved in the   
                             index located at pytorch_optim.bin.index.json.     
[04/15/26 10:32:15] INFO     colossalai - colossalai - INFO:                    
                             /home/piado/.local/lib/python3.11/site-packages/col
                             ossalai/booster/plugin/low_level_zero_plugin.py:240
                              save_sharded_optimizer                            
                    INFO     colossalai - colossalai - INFO: The optimizer is   
                             going to be split to checkpoint shards. You can    
                             find where each parameters has been saved in the   
                             index located at pytorch_optim.bin.index.json.     
[1;34mwandb[0m: 
[1;34mwandb[0m: 🚀 View run [33msweep_mv4d__perc2p0__d03__k1em8__lpdefault_per2.0_kl1e-08_vc0.0_discTrainMultiview4D_gdw0.3[0m at: [34mhttps://wandb.ai/pia-uni/wan_multiview_vae/runs/5kzw3qh7[0m
