=== 8-view 512px all_people_one_expression (auto batch) ===
experiment_name: 8v_512px_allpeople_one_expr_lr5e4_compile__job3954046
probe log: /home/piado/projects/aip-lindell/piado/vae/Open-Sora/outputs/8v_512px_allpeople_one_expr_lr5e4_compile__job3954046/batch_probe_results.jsonl
Sun Jun 14 13:26:11 2026       
+-----------------------------------------------------------------------------------------+
| NVIDIA-SMI 580.159.03             Driver Version: 580.159.03     CUDA Version: 13.0     |
+-----------------------------------------+------------------------+----------------------+
| GPU  Name                 Persistence-M | Bus-Id          Disp.A | Volatile Uncorr. ECC |
| Fan  Temp   Perf          Pwr:Usage/Cap |           Memory-Usage | GPU-Util  Compute M. |
|                                         |                        |               MIG M. |
|=========================================+========================+======================|
|   0  NVIDIA L40S                    Off |   00000000:17:00.0 Off |                    0 |
| N/A   49C    P8             38W /  350W |       0MiB /  46068MiB |      0%      Default |
|                                         |                        |                  N/A |
+-----------------------------------------+------------------------+----------------------+

+-----------------------------------------------------------------------------------------+
| Processes:                                                                              |
|  GPU   GI   CI              PID   Type   Process name                        GPU Memory |
|        ID   ID                                                               Usage      |
|=========================================================================================|
|  No running processes found                                                             |
+-----------------------------------------------------------------------------------------+

=== Batch-size probe (5 steps each) ===
Results will be saved to: /home/piado/projects/aip-lindell/piado/vae/Open-Sora/outputs/8v_512px_allpeople_one_expr_lr5e4_compile__job3954046/batch_probe_results.jsonl


──────────────────────────────────────────────
 PROBE  batch_size=32  accum=1  (5 steps)
──────────────────────────────────────────────
chgrp: changing group of 'outputs/8v_512px_allpeople_one_expr_lr5e4_compile__job3954046/config.txt': Operation not permitted
chgrp: changing group of 'outputs/8v_512px_allpeople_one_expr_lr5e4_compile__job3954046': Operation not permitted
[[34m2026-06-14 13:26:47[0m] Experiment directory created at outputs/8v_512px_allpeople_one_expr_lr5e4_compile__job3954046
[[34m2026-06-14 13:26:47[0m] Determinism mode: cuBLAS workspace, cudnn deterministic, TF32 disabled, torch.use_deterministic_algorithms(warn_only=True); data workers use seed+worker_id; epoch Python RNG uses seed+rank. Multi-GPU ZeRO and BF16 may still break bit-for-bit replay.
[[34m2026-06-14 13:26:47[0m] Using explicit global grad clipping (max_norm=2.0) with DP all-reduce; plugin-internal clipping disabled to avoid ZeRO shard-local clipping ambiguity.
[[34m2026-06-14 13:26:47[0m] Training configuration:
 {'DATA_ROOT': '/datasets/lindell-proj/neumayr/nersemble_v2/processed/8-views/512-res',
 '_gen_loss_config': None,
 '_optim_discriminator': None,
 '_resolved': {'bucket_key': '128px_ar1:1',
               'data_root': '/datasets/lindell-proj/neumayr/nersemble_v2/processed/8-frames/128-res',
               'load_from_128_for_64_high_t': False,
               'load_res_fallback': None,
               'train_target_frames': 9,
               'train_target_hw': (128, 128)},
 '_val_participants': [97, 175, 226, 18, 30, 38, 85, 124, 227, 240],
 'accumulation_steps': 1,
 'all_people_expression_sequence': 'EMO-1-shout+laugh',
 'batch_size': 32,
 'bucket_config': {'512px_ar1:1': {9: (1.0, 1)}},
 'config_path': '/home/piado/projects/aip-lindell/piado/vae/Open-Sora/configs/vae/train/wan_multiview_finetune.py',
 'data_preset': 'all_people_one_expression',
 'dataset': {'data_path': '/datasets/lindell-proj/neumayr/nersemble_v2/processed/8-views/512-res',
             'exclude_participants': [97,
                                      175,
                                      226,
                                      18,
                                      30,
                                      38,
                                      85,
                                      124,
                                      227,
                                      240],
             'expression_sequence': 'EMO-1-shout+laugh',
             'participants': None,
             'repeat': 1,
             'scan_subdirs': True,
             'skip_mismatched_views': True,
             'type': 'pt_video'},
 'dataset_presets': {'__default__': {'data_path': '/datasets/lindell-proj/neumayr/nersemble_v2/processed/8-views/512-res',
                                     'participants': [17,
                                                      18,
                                                      30,
                                                      31,
                                                      32,
                                                      33,
                                                      35,
                                                      36,
                                                      37],
                                     'repeat': 1,
                                     'scan_subdirs': True,
                                     'type': 'pt_video'},
                     'all_people': {'data_path': '/datasets/lindell-proj/neumayr/nersemble_v2/processed/8-views/512-res',
                                    'exclude_participants': [97,
                                                             175,
                                                             226,
                                                             18,
                                                             30,
                                                             38,
                                                             85,
                                                             124,
                                                             227,
                                                             240],
                                    'expected_views': 2,
                                    'participants': None,
                                    'repeat': 1,
                                    'scan_subdirs': True,
                                    'skip_mismatched_views': True,
                                    'type': 'pt_video'},
                     'all_people_one_expression': {'data_path': '/datasets/lindell-proj/neumayr/nersemble_v2/processed/8-views/512-res',
                                                   'exclude_participants': [97,
                                                                            175,
                                                                            226,
                                                                            18,
                                                                            30,
                                                                            38,
                                                                            85,
                                                                            124,
                                                                            227,
                                                                            240],
                                                   'expression_sequence': 'EMO-1-shout+laugh',
                                                   'participants': None,
                                                   'repeat': 1,
                                                   'scan_subdirs': True,
                                                   'skip_mismatched_views': True,
                                                   'type': 'pt_video'},
                     'one_person': {'data_path': '/datasets/lindell-proj/neumayr/nersemble_v2/processed/8-views/512-res',
                                    'exclude_sequences': ['EMO-4-disgust+happy',
                                                          'SEN-10-port_strong_smokey'],
                                    'participants': [18],
                                    'repeat': 1,
                                    'scan_subdirs': True,
                                    'type': 'pt_video'},
                     'single_sequence': {'data_path': '/datasets/lindell-proj/neumayr/nersemble_v2/processed/8-views/512-res/p017/EMO-1-shout+laugh/frames.pt',
                                         'repeat': 1,
                                         'type': 'pt_video'},
                     'some_people': {'data_path': '/datasets/lindell-proj/neumayr/nersemble_v2/processed/8-views/512-res',
                                     'participants': [17,
                                                      31,
                                                      32,
                                                      33,
                                                      35,
                                                      36,
                                                      37],
                                     'repeat': 1,
                                     'scan_subdirs': True,
                                     'type': 'pt_video'}},
 'debug_stats_every': 1,
 'debug_stats_start_step': 0,
 'debug_stats_weight_every': 50,
 'deterministic': True,
 'disc_learning_rate': None,
 'disc_multiview_mode': 'joint_4d',
 'disc_per_frame_2d': False,
 'discriminator': None,
 'discriminator_choice': 'none',
 'dtype': 'bf16',
 'dynamo_backend': 'no',
 'ema_decay': 0.9999,
 'epochs': 100000,
 'eval_at_steps': [10, 100, 500, 1000, 1500],
 'eval_batch_size': 1,
 'eval_every': 500,
 'eval_num_samples': 0,
 'eval_use_ema': True,
 'experiment_name': '8v_512px_allpeople_one_expr_lr5e4_compile__job3954046',
 'final_eval': True,
 'final_eval_num_samples': 0,
 'fixed_seq_eval_every_epochs': 0,
 'full_eval_every': 500,
 'gan_log_adaptive_grad_metrics': False,
 'gen_disc_weight': None,
 'grad_checkpoint': True,
 'grad_clip': 2.0,
 'keep_n_latest': 5,
 'kl_loss_weight': 1e-06,
 'learning_rate': 0.0005,
 'log_bottleneck_every': 0,
 'log_every': 500,
 'log_latent_shapes_every': 0,
 'log_memory': True,
 'log_step_time': True,
 'log_training_design_summary': True,
 'log_training_param_overview': True,
 'logvar_init': 0.0,
 'lr_scheduler': {'decay_factor': 0.5,
                  'decay_steps': 5000,
                  'min_lr': 5e-06,
                  'use_exponential_decay': False,
                  'warmup_steps': 0},
 'max_steps': 5,
 'mixed_image_ratio': 0.0,
 'mixed_strategy': None,
 'model': {'freeze_temporal': True,
           'from_pretrained': '/home/piado/scratch/Wan2.1_VAE.pth',
           'from_scratch': False,
           'full_finetune_decoder': False,
           'fusion_mode': 'cross_attention',
           'lora_rank': 32,
           'train_spatial': True,
           'type': 'multiview_wan_video_vae',
           'use_crossview_encoder': True,
           'use_lora': True,
           'use_lora_after': True,
           'use_lora_before': False,
           'use_view_embedding': False,
           'use_view_group_fusion': False,
           'use_viewwise_decoder_lora': False,
           'view_compression': 2,
           'view_in': 0,
           'view_mixing_strategy': 'embedding',
           'z_dim': 16},
 'nersemble_processed_base': '/datasets/lindell-proj/neumayr/nersemble_v2/processed/8-views',
 'num_bucket_build_workers': 1,
 'num_reconstruction_vis_samples': 1,
 'num_workers': 8,
 'optim': {'betas': (0.9, 0.98),
           'cls': 'AdamW',
           'eps': 1e-08,
           'lr': 0.0001,
           'weight_decay': 0.0},
 'optimization': True,
 'optimization_compile_mode': 'reduce-overhead',
 'outputs': 'outputs',
 'perceptual_loss_weight': 1.5,
 'persistent_workers': True,
 'pin_memory_cache_pre_alloc_numels': None,
 'plugin': 'none',
 'plugin_config': {'overlap_allgather': False, 'reduce_bucket_size_in_m': 128},
 'prefetch_factor': 4,
 'profile_step': False,
 'profile_timing': False,
 'profile_timing_step': 50,
 'save_ckpt': True,
 'seed': 42,
 'sweep_gen_disc_weight': None,
 'train_psnr_guard': False,
 'train_psnr_guard_consecutive': 5,
 'train_psnr_guard_min_epochs': 0,
 'train_psnr_guard_start_epoch': 0,
 'train_psnr_guard_threshold': 15.0,
 'train_target_frames': 9,
 'train_target_hw': (512, 512),
 'update_warmup_steps': False,
 'vae_loss_config': {'kl_loss_weight': 1e-06,
                     'logvar_init': 0.0,
                     'perceptual_loss_weight': 1.5,
                     'view_consistency_weight': 0.0},
 'vae_loss_preset': 'default',
 'vae_target_range': '[-1,1]',
 'val_dataset': {'data_path': '/datasets/lindell-proj/neumayr/nersemble_v2/processed/8-views/512-res',
                 'expression_sequence': 'EMO-1-shout+laugh',
                 'participants': [97, 175, 226, 18, 30, 38, 85, 124, 227, 240],
                 'repeat': 1,
                 'scan_subdirs': True,
                 'skip_mismatched_views': True,
                 'type': 'pt_video'},
 'val_dataset_presets': {'__default__': None,
                         'all_people': {'data_path': '/datasets/lindell-proj/neumayr/nersemble_v2/processed/8-views/512-res',
                                        'expected_views': 2,
                                        'participants': [97,
                                                         175,
                                                         226,
                                                         18,
                                                         30,
                                                         38,
                                                         85,
                                                         124,
                                                         227,
                                                         240],
                                        'repeat': 1,
                                        'scan_subdirs': True,
                                        'skip_mismatched_views': True,
                                        'type': 'pt_video'},
                         'all_people_one_expression': {'data_path': '/datasets/lindell-proj/neumayr/nersemble_v2/processed/8-views/512-res',
                                                       'expression_sequence': 'EMO-1-shout+laugh',
                                                       'participants': [97,
                                                                        175,
                                                                        226,
                                                                        18,
                                                                        30,
                                                                        38,
                                                                        85,
                                                                        124,
                                                                        227,
                                                                        240],
                                                       'repeat': 1,
                                                       'scan_subdirs': True,
                                                       'skip_mismatched_views': True,
                                                       'type': 'pt_video'},
                         'one_person': {'data_path': '/datasets/lindell-proj/neumayr/nersemble_v2/processed/8-views/512-res',
                                        'include_only_sequences': ['EMO-4-disgust+happy',
                                                                   'SEN-10-port_strong_smokey'],
                                        'participants': [17],
                                        'repeat': 1,
                                        'scan_subdirs': True,
                                        'type': 'pt_video'},
                         'single_sequence': None,
                         'some_people': {'data_path': '/datasets/lindell-proj/neumayr/nersemble_v2/processed/8-views/512-res',
                                         'participants': [18, 30],
                                         'repeat': 1,
                                         'scan_subdirs': True,
                                         'type': 'pt_video'}},
 'view_consistency_weight': 0.0,
 'view_flatten_in_disc': False,
 'view_flatten_in_loss': False,
 'wandb': False,
 'wandb_expr_name': '8v_512px_allpeople_one_expr_lr5e4_compile',
 'wandb_min_steps_before_init': 10,
 'wandb_project': 'wan_multiview_vae'}
[[34m2026-06-14 13:26:47[0m] Building dataset...
[[34m2026-06-14 13:26:48[0m] Dataset contains 405 samples.
[[34m2026-06-14 13:26:48[0m] Val (held-out) dataset contains 10 samples.
[[34m2026-06-14 13:26:48[0m] Fixed per-frame eval sequence name: EMO-1-shout+laugh (train idx=0, val idx=0)
[[34m2026-06-14 13:26:48[0m] Building models...
[[34m2026-06-14 13:26:49[0m] Auto-detected model.view_in=8 from first dataset sample
[[34m2026-06-14 13:26:52[0m] [MultiviewWanVideoVAE] Number of parameters: 180.50 M
[[34m2026-06-14 13:26:52[0m] [MultiviewWanVideoVAE] Number of trainable parameters: 94.40 M
[[34m2026-06-14 13:26:54[0m] EMA model created.
[[34m2026-06-14 13:26:54[0m] [optimization] channels_last_3d: disabled (fragile with view() ops and compile cache)
[[34m2026-06-14 13:26:54[0m] VAE trainable params (optimizer): 98,985,776
[[34m2026-06-14 13:26:54[0m] [optimization] torch.compile: mode=reduce-overhead (first step will be slow)
[[34m2026-06-14 13:26:54[0m] Preparing for distributed training...
[[34m2026-06-14 13:26:54[0m] Optimizer AdamW has no `.backward`; using booster.backward(loss=...) compatibility path.
[[34m2026-06-14 13:26:54[0m] Boosted model for distributed training
[[34m2026-06-14 13:26:54[0m] Training for 100000 epochs with 405 steps per epoch
[[34m2026-06-14 13:26:54[0m] [optimization] Warming up torch.compile eval graph (one-time, before training loop)...
[[34m2026-06-14 13:29:24[0m] [AttentionMultiViewVideoVan] latent shape: (1, 16, 3, 64, 64)  (B=1, z_dim=16, T'=3, H'=64, W'=64)
cudagraph partition due to non gpu ops
cudagraph partition due to DeviceCopy ops
cudagraph partition into 2 partitions
[rank0]:W0614 13:30:12.665000 1311648 torch/utils/_sympy/interp.py:179] [6/2] failed while executing pow_by_natural([VR[4, int_oo], VR[-1, -1]])
[rank0]:W0614 13:30:13.508000 1311648 torch/utils/_sympy/interp.py:179] [6/2] failed while executing pow_by_natural([VR[4, int_oo], VR[-1, -1]])
cudagraph partition due to non gpu ops
cudagraph partition due to DeviceCopy ops
cudagraph partition into 2 partitions
[rank0]:W0614 13:30:20.211000 1311648 torch/utils/_sympy/interp.py:179] [6/3] failed while executing pow_by_natural([VR[4, int_oo], VR[-1, -1]])
[rank0]:W0614 13:30:20.450000 1311648 torch/utils/_sympy/interp.py:179] [6/3] failed while executing pow_by_natural([VR[4, int_oo], VR[-1, -1]])
cudagraph partition due to non gpu ops
cudagraph partition due to non gpu ops
cudagraph partition due to non gpu ops
cudagraph partition due to DeviceCopy ops
cudagraph partition into 2 partitions
[rank0]:W0614 13:30:27.808000 1311648 torch/utils/_sympy/interp.py:179] [6/4] failed while executing pow_by_natural([VR[4, int_oo], VR[-1, -1]])
[rank0]:W0614 13:30:28.127000 1311648 torch/utils/_sympy/interp.py:179] [6/4] failed while executing pow_by_natural([VR[4, int_oo], VR[-1, -1]])
cudagraph partition due to non gpu ops
cudagraph partition due to non gpu ops
cudagraph partition due to non gpu ops
cudagraph partition due to DeviceCopy ops
cudagraph partition into 2 partitions
[rank0]:W0614 13:30:31.211000 1311648 torch/utils/_sympy/interp.py:179] [6/5] failed while executing pow_by_natural([VR[4, int_oo], VR[-1, -1]])
[rank0]:W0614 13:30:31.455000 1311648 torch/utils/_sympy/interp.py:179] [6/5] failed while executing pow_by_natural([VR[4, int_oo], VR[-1, -1]])
cudagraph partition due to non gpu ops
cudagraph partition due to non gpu ops
cudagraph partition due to non gpu ops
cudagraph partition due to DeviceCopy ops
cudagraph partition into 2 partitions
[rank0]:W0614 13:30:35.918000 1311648 torch/utils/_sympy/interp.py:179] [6/6] failed while executing pow_by_natural([VR[4, int_oo], VR[-1, -1]])
[rank0]:W0614 13:30:36.455000 1311648 torch/utils/_sympy/interp.py:179] [6/6] failed while executing pow_by_natural([VR[4, int_oo], VR[-1, -1]])
cudagraph partition due to non gpu ops
cudagraph partition due to non gpu ops
cudagraph partition due to non gpu ops
cudagraph partition due to DeviceCopy ops
cudagraph partition into 2 partitions
[rank0]:W0614 13:30:39.158000 1311648 torch/utils/_sympy/interp.py:179] [6/7] failed while executing pow_by_natural([VR[4, int_oo], VR[-1, -1]])
[rank0]:W0614 13:30:39.403000 1311648 torch/utils/_sympy/interp.py:179] [6/7] failed while executing pow_by_natural([VR[4, int_oo], VR[-1, -1]])
[rank0]:W0614 13:30:41.455000 1311648 torch/utils/_sympy/interp.py:179] [9/2] failed while executing pow_by_natural([VR[4, int_oo], VR[-1, -1]])
[[34m2026-06-14 13:30:50[0m] [optimization] Eval graph warm-up done.
[rank0]:[W614 13:30:50.379089259 ProcessGroupNCCL.cpp:5138] Guessing device ID based on global rank. This can cause a hang if rank to GPU mapping is heterogeneous. You can specify device_id in init_process_group()
[wan_multiview] effective data: epochs=100000 DATA_ROOT=/datasets/lindell-proj/neumayr/nersemble_v2/processed/8-views/512-res train_target_hw=(512, 512) train_target_frames=9 bucket_config={'512px_ar1:1': {9: (1.0, 1)}}
changing outputs/8v_512px_allpeople_one_expr_lr5e4_compile__job3954046 to share
PTVideoDataset: Found 405 .pt file(s)
PTVideoDataset: Found 10 .pt file(s)
[MultiviewWanVideoVAE] Loaded Wan 2.1 into crossview_vae: /home/piado/scratch/Wan2.1_VAE.pth
  -> 194 ckpt keys; 255 missing, 90 unexpected
modulated mixed image ratio: 0.0
train:   0%|          | 0/405 [00:00<?, ?it/s]train:   0%|          | 0/405 [00:00<?, ?it/s, epoch=0]train:   0%|          | 1/405 [00:01<09:19,  1.38s/it, epoch=0][[34m2026-06-14 13:30:52[0m] ======== Wan multiview / crossview design summary (one-time) ========
[[34m2026-06-14 13:30:52[0m] use_crossview_encoder=True
[[34m2026-06-14 13:30:52[0m] fusion_mode='cross_attention'
[[34m2026-06-14 13:30:52[0m]   -> Bidirectional cross-attention between views: each view attends to the other view’s tokens, then features are combined for the rest of the encoder/decoder. Strong when views are aligned but not identical.
[[34m2026-06-14 13:30:52[0m] view_in=8, view_mixing_strategy=embedding
[[34m2026-06-14 13:30:52[0m] use_view_embedding vs use_viewwise_decoder_lora: per-view additive embeddings bias early (or latent) features with a small vector per view; viewwise_decoder_lora adds low-rank adapters on the decoder side conditioned by view index—typically more flexible than a single embedding per view for reconstruction, at the cost of more trainable parameters.
[[34m2026-06-14 13:30:52[0m]   use_view_embedding=False
[[34m2026-06-14 13:30:52[0m]   use_viewwise_decoder_lora=False
[[34m2026-06-14 13:30:52[0m] use_lora=True, use_lora_before=False, use_lora_after=True, lora_rank=32. Before = LoRA on the encoder stem / early downsampling; after = bottleneck and later decoder. Both can be enabled for two complementary adaptation regions.
[[34m2026-06-14 13:30:52[0m] LoRA rank: all listed adapters in this stack typically share this rank. Larger rank increases adapter capacity and parameter count roughly linearly in rank; too high can overfit small datasets, too low can underfit cross-view cues.
[[34m2026-06-14 13:30:52[0m] freeze_temporal=True, train_spatial=True
[[34m2026-06-14 13:30:52[0m] ======== end design summary ========
[[34m2026-06-14 13:30:53[0m] [VAE] param overview: total=180.50 M trainable=94.40 M (52.30% of weights) frozen=86.10 M
[[34m2026-06-14 13:30:53[0m] [VAE] LoRA trainable: 998.59 K (1.0% of trainable); heuristic attention/cross-fusion LoRA: 998.59 K (100.0% of LoRA); other LoRA: 0
[[34m2026-06-14 13:30:53[0m] [VAE] base trainable (non-LoRA): 93.43 M (99.0% of trainable)
[[34m2026-06-14 13:30:53[0m] [VAE] LoRA heuristic buckets (buckets overlap if a name matches multiple hints): encoder/stem-ish=275.50 K, decoder-ish=723.09 K, viewwise-ish=0
train:   0%|          | 1/405 [09:14<62:15:42, 554.81s/it, epoch=0]
[rank0]: Traceback (most recent call last):
[rank0]:   File "/home/piado/projects/aip-lindell/piado/vae/Open-Sora/scripts/vae/train.py", line 3523, in <module>
[rank0]:     main()
[rank0]:   File "/home/piado/projects/aip-lindell/piado/vae/Open-Sora/scripts/vae/train.py", line 2555, in main
[rank0]:     loss_scaled.backward()
[rank0]:   File "/home/piado/.local/lib/python3.11/site-packages/torch/_tensor.py", line 630, in backward
[rank0]:     torch.autograd.backward(
[rank0]:   File "/home/piado/.local/lib/python3.11/site-packages/torch/autograd/__init__.py", line 364, in backward
[rank0]:     _engine_run_backward(
[rank0]:   File "/home/piado/.local/lib/python3.11/site-packages/torch/autograd/graph.py", line 865, in _engine_run_backward
[rank0]:     return Variable._execution_engine.run_backward(  # Calls into the C++ engine to run the backward pass
[rank0]:            ^^^^^^^^^^^^^^^^^^^^^^^^^^^^^^^^^^^^^^^^^^^^^^^^^^^^^^^^^^^^^^^^^^^^^^^^^^^^^^^^^^^^^^^^^^^^^^
[rank0]:   File "/home/piado/.local/lib/python3.11/site-packages/torch/autograd/function.py", line 317, in apply
[rank0]:     return user_fn(self, *args)
[rank0]:            ^^^^^^^^^^^^^^^^^^^^
[rank0]:   File "/home/piado/.local/lib/python3.11/site-packages/torch/_functorch/_aot_autograd/runtime_wrappers.py", line 2338, in backward
[rank0]:     return impl_fn()
[rank0]:            ^^^^^^^^^
[rank0]:   File "/home/piado/.local/lib/python3.11/site-packages/torch/_functorch/_aot_autograd/runtime_wrappers.py", line 2324, in impl_fn
[rank0]:     out = CompiledFunction._backward_impl(ctx, all_args)
[rank0]:           ^^^^^^^^^^^^^^^^^^^^^^^^^^^^^^^^^^^^^^^^^^^^^^
[rank0]:   File "/home/piado/.local/lib/python3.11/site-packages/torch/_functorch/_aot_autograd/runtime_wrappers.py", line 2494, in _backward_impl
[rank0]:     out = call_func_at_runtime_with_args(
[rank0]:           ^^^^^^^^^^^^^^^^^^^^^^^^^^^^^^^
[rank0]:   File "/home/piado/.local/lib/python3.11/site-packages/torch/_functorch/_aot_autograd/utils.py", line 134, in call_func_at_runtime_with_args
[rank0]:     out = normalize_as_list(f(args))
[rank0]:                             ^^^^^^^
[rank0]:   File "/home/piado/.local/lib/python3.11/site-packages/torch/_dynamo/eval_frame.py", line 1181, in _fn
[rank0]:     return fn(*args, **kwargs)
[rank0]:            ^^^^^^^^^^^^^^^^^^^
[rank0]:   File "/home/piado/.local/lib/python3.11/site-packages/torch/_inductor/output_code.py", line 638, in __call__
[rank0]:     return self.current_callable(inputs)
[rank0]:            ^^^^^^^^^^^^^^^^^^^^^^^^^^^^^
[rank0]:   File "/tmp/.torchinductor/xs/cxsv4ppnrtefhm4ve6hbwzlpsuwsvjeoma5qtdcjjonberen3puz.py", line 66423, in call
[rank0]:     (buf2, buf5, buf9, buf12, buf17, buf23, buf26, buf31, buf37, buf40, buf45, buf54, buf57, buf60, buf67, buf70, buf78, buf81, buf73, buf84, buf97, buf100, buf103, buf110, buf113, buf121, buf124, buf116, buf127, buf129, buf136, buf139, buf144, buf150, buf153, buf158, buf162, buf165, buf168, buf172, buf175, buf178, buf182, buf202, buf185, buf205, buf188, buf192, buf195, buf198, buf257, buf256, buf261, buf270, buf269, buf274, buf283, buf307, buf282, buf306, buf287, buf296, buf300, buf295, buf444, buf443, buf448, buf457, buf461, buf456, buf470, buf494, buf469, buf493, buf474, buf483, buf487, buf482, buf498, buf501, buf508, buf513, buf511, buf7428, buf7432, buf7427, buf7441, buf7444, buf7440, buf7456, buf7460, buf7455, buf7469, buf7258, buf7257, buf7468, buf7474, buf7484, buf7483, buf7490, buf7495, buf7503, buf7502, buf7506, buf7514, buf7538, buf7491, buf7513, buf7537, buf7518, buf7526, buf7525, buf7530, buf7312, buf7311, buf7546, buf7545, buf7554, buf7553, buf7559, buf7568, buf7572, buf7567, buf7581, buf7607, buf7580, buf7606, buf7586, buf7595, buf7594, buf7599, buf7615, buf7614, buf7623, buf7622, buf7628, buf7637, buf7636, buf7641, buf7649, buf7655, buf7664, buf7650, buf7669, buf7677, buf7663, buf7676) = self.partitions[0](partition0_args)
[rank0]:                                                                                                                                                                                                                                                                                                                                                                                                                                                                                                                                                                                                                                                                                                                                                                                                                                                                                                                                                                                                                                                                                                                                                                                                                                                                        ^^^^^^^^^^^^^^^^^^^^^^^^^^^^^^^^^^^
[rank0]:   File "/home/piado/.local/lib/python3.11/site-packages/torch/_inductor/compile_fx.py", line 1843, in run
[rank0]:     return compiled_fn(new_inputs)  # type: ignore[arg-type]
[rank0]:            ^^^^^^^^^^^^^^^^^^^^^^^
[rank0]:   File "/home/piado/.local/lib/python3.11/site-packages/torch/_inductor/cudagraph_trees.py", line 404, in deferred_cudagraphify
[rank0]:     fn, out = cudagraphify(model, inputs, new_static_input_idxs, *args, **kwargs)
[rank0]:               ^^^^^^^^^^^^^^^^^^^^^^^^^^^^^^^^^^^^^^^^^^^^^^^^^^^^^^^^^^^^^^^^^^^
[rank0]:   File "/home/piado/.local/lib/python3.11/site-packages/torch/_inductor/cudagraph_trees.py", line 464, in cudagraphify
[rank0]:     return manager.add_function(
[rank0]:            ^^^^^^^^^^^^^^^^^^^^^
[rank0]:   File "/home/piado/.local/lib/python3.11/site-packages/torch/_inductor/cudagraph_trees.py", line 2337, in add_function
[rank0]:     return fn, fn(inputs)
[rank0]:                ^^^^^^^^^^
[rank0]:   File "/home/piado/.local/lib/python3.11/site-packages/torch/_inductor/cudagraph_trees.py", line 2033, in run
[rank0]:     out = self._run(new_inputs, function_id)
[rank0]:           ^^^^^^^^^^^^^^^^^^^^^^^^^^^^^^^^^^
[rank0]:   File "/home/piado/.local/lib/python3.11/site-packages/torch/_inductor/cudagraph_trees.py", line 2137, in _run
[rank0]:     return self.run_eager(new_inputs, function_id)
[rank0]:            ^^^^^^^^^^^^^^^^^^^^^^^^^^^^^^^^^^^^^^^
[rank0]:   File "/home/piado/.local/lib/python3.11/site-packages/torch/_inductor/cudagraph_trees.py", line 2298, in run_eager
[rank0]:     return node.run(new_inputs)
[rank0]:            ^^^^^^^^^^^^^^^^^^^^
[rank0]:   File "/home/piado/.local/lib/python3.11/site-packages/torch/_inductor/cudagraph_trees.py", line 692, in run
[rank0]:     out = self.wrapped_function.model(new_inputs)
[rank0]:           ^^^^^^^^^^^^^^^^^^^^^^^^^^^^^^^^^^^^^^^
[rank0]:   File "/tmp/.torchinductor/xs/cxsv4ppnrtefhm4ve6hbwzlpsuwsvjeoma5qtdcjjonberen3puz.py", line 44065, in partition_0
[rank0]:     buf5113 = extern_kernels.convolution(buf5111, buf5112, stride=(1, 1, 1), padding=(0, 0, 0), dilation=(1, 1, 1), transposed=False, output_padding=(0, 0, 0), groups=1, bias=None)
[rank0]:               ^^^^^^^^^^^^^^^^^^^^^^^^^^^^^^^^^^^^^^^^^^^^^^^^^^^^^^^^^^^^^^^^^^^^^^^^^^^^^^^^^^^^^^^^^^^^^^^^^^^^^^^^^^^^^^^^^^^^^^^^^^^^^^^^^^^^^^^^^^^^^^^^^^^^^^^^^^^^^^^^^^^^^^
[rank0]:   File "/home/piado/.local/lib/python3.11/site-packages/torch/utils/_device.py", line 109, in __torch_function__
[rank0]:     return func(*args, **kwargs)
[rank0]:            ^^^^^^^^^^^^^^^^^^^^^
[rank0]: torch.OutOfMemoryError: CUDA out of memory. Tried to allocate 192.00 MiB. GPU 0 has a total capacity of 44.39 GiB of which 170.12 MiB is free. Including non-PyTorch memory, this process has 44.20 GiB memory in use. Of the allocated memory 6.21 GiB is allocated by PyTorch, with 59.38 MiB allocated in private pools (e.g., CUDA Graphs), and 36.88 GiB is reserved by PyTorch but unallocated. If reserved but unallocated memory is large try setting PYTORCH_ALLOC_CONF=expandable_segments:True to avoid fragmentation.  See documentation for Memory Management  (https://pytorch.org/docs/stable/notes/cuda.html#environment-variables)
