=== wan_multiview_loss_sweep task 8/81 idx=7 ===
wandb_expr_name=sweep_none__perc3p0__k1em7
experiment_name (outputs dir)=sweep_none__perc3p0__k1em7__job3154042_t8
Overrides: --discriminator_choice none --vae_loss_config.perceptual_loss_weight 3.0 --vae_loss_config.kl_loss_weight 1e-7
Tue Apr 14 13:01:22 2026       
+-----------------------------------------------------------------------------------------+
| NVIDIA-SMI 570.148.08             Driver Version: 570.148.08     CUDA Version: 12.8     |
|-----------------------------------------+------------------------+----------------------+
| GPU  Name                 Persistence-M | Bus-Id          Disp.A | Volatile Uncorr. ECC |
| Fan  Temp   Perf          Pwr:Usage/Cap |           Memory-Usage | GPU-Util  Compute M. |
|                                         |                        |               MIG M. |
|=========================================+========================+======================|
|   0  NVIDIA L40S                    On  |   00000000:CA:00.0 Off |                    0 |
| N/A   30C    P8             34W /  350W |       0MiB /  46068MiB |      0%      Default |
|                                         |                        |                  N/A |
+-----------------------------------------+------------------------+----------------------+
                                                                                         
+-----------------------------------------------------------------------------------------+
| Processes:                                                                              |
|  GPU   GI   CI              PID   Type   Process name                        GPU Memory |
|        ID   ID                                                               Usage      |
|=========================================================================================|
|  No running processes found                                                             |
+-----------------------------------------------------------------------------------------+
MASTER_ADDR=127.0.0.1 MASTER_PORT=34050
DYNAMO_BACKEND=inductor
Launch attempt 1/3 on port 34050
changing outputs/sweep_none__perc3p0__k1em7__job3154042_t8 to share
PTVideoDataset: Found 405 .pt file(s)
PTVideoDataset: Found 10 .pt file(s)
[MultiviewWanVideoVAE] Loaded Wan 2.1 into crossview_vae: /home/piado/scratch/Wan2.1_VAE.pth
  -> 194 ckpt keys; 228 missing, 90 unexpected
modulated mixed image ratio: 0.0
[step_time] Average wall time over first 10 training steps: 2.9552 s
[1;34mwandb[0m: 
[1;34mwandb[0m: 🚀 View run [33msweep_none__perc3p0__k1em7__lpdefault_per3.0_kl1e-07_vc0.0_discnone_gdwna[0m at: [34mhttps://wandb.ai/pia-uni/wan_multiview_vae/runs/6609byxg[0m
