=== 256-res 4-view all_people_one_expression (415 participants) ===
experiment_name: 256res_4v_allpeople_one_expr_lr5e4__job3949051
MASTER_PORT: 43243
Sat Jun 13 07:02:37 2026       
+-----------------------------------------------------------------------------------------+
| NVIDIA-SMI 580.159.03             Driver Version: 580.159.03     CUDA Version: 13.0     |
+-----------------------------------------+------------------------+----------------------+
| GPU  Name                 Persistence-M | Bus-Id          Disp.A | Volatile Uncorr. ECC |
| Fan  Temp   Perf          Pwr:Usage/Cap |           Memory-Usage | GPU-Util  Compute M. |
|                                         |                        |               MIG M. |
|=========================================+========================+======================|
|   0  NVIDIA L40S                    Off |   00000000:65:00.0 Off |                    0 |
| N/A   45C    P0             64W /  350W |       0MiB /  46068MiB |      0%      Default |
|                                         |                        |                  N/A |
+-----------------------------------------+------------------------+----------------------+

+-----------------------------------------------------------------------------------------+
| Processes:                                                                              |
|  GPU   GI   CI              PID   Type   Process name                        GPU Memory |
|        ID   ID                                                               Usage      |
|=========================================================================================|
|  No running processes found                                                             |
+-----------------------------------------------------------------------------------------+
Launch attempt 1/3 on port 43243
[wan_multiview] effective data: epochs=100000 DATA_ROOT=/datasets/lindell-proj/neumayr/nersemble_v2/processed/4-frames/256-res train_target_hw=(256, 256) train_target_frames=9 bucket_config={'256px_ar1:1': {9: (1.0, 1)}}
changing outputs/256res_4v_allpeople_one_expr_lr5e4__job3949051 to share
PTVideoDataset: Found 405 .pt file(s)
PTVideoDataset: Found 10 .pt file(s)
[MultiviewWanVideoVAE] Loaded Wan 2.1 into crossview_vae: /home/piado/scratch/Wan2.1_VAE.pth
  -> 194 ckpt keys; 241 missing, 90 unexpected
modulated mixed image ratio: 0.0
Retrying with port 43244...
Launch attempt 2/3 on port 43244
[wan_multiview] effective data: epochs=100000 DATA_ROOT=/datasets/lindell-proj/neumayr/nersemble_v2/processed/4-frames/256-res train_target_hw=(256, 256) train_target_frames=9 bucket_config={'256px_ar1:1': {9: (1.0, 1)}}
changing outputs/256res_4v_allpeople_one_expr_lr5e4__job3949051 to share
PTVideoDataset: Found 405 .pt file(s)
PTVideoDataset: Found 10 .pt file(s)
[MultiviewWanVideoVAE] Loaded Wan 2.1 into crossview_vae: /home/piado/scratch/Wan2.1_VAE.pth
  -> 194 ckpt keys; 241 missing, 90 unexpected
modulated mixed image ratio: 0.0
Retrying with port 43245...
Launch attempt 3/3 on port 43245
[wan_multiview] effective data: epochs=100000 DATA_ROOT=/datasets/lindell-proj/neumayr/nersemble_v2/processed/4-frames/256-res train_target_hw=(256, 256) train_target_frames=9 bucket_config={'256px_ar1:1': {9: (1.0, 1)}}
changing outputs/256res_4v_allpeople_one_expr_lr5e4__job3949051 to share
PTVideoDataset: Found 405 .pt file(s)
PTVideoDataset: Found 10 .pt file(s)
[MultiviewWanVideoVAE] Loaded Wan 2.1 into crossview_vae: /home/piado/scratch/Wan2.1_VAE.pth
  -> 194 ckpt keys; 241 missing, 90 unexpected
modulated mixed image ratio: 0.0
Launch failed after 3 attempts (rc=0).
