=== wan_multiview_generalization_resume_all_people_one_expression task 4/4 idx=3 ===
wandb_expr_name=generalization_gen_none__perc1p5__k1em6_resume_all_people_one_expression__lr2e4_warmup1k
experiment_name (outputs dir)=generalization_gen_none__perc1p5__k1em6_resume_all_people_one_expression__lr2e4_warmup1k__job3304140_t4
Overrides: --save_ckpt True --data_preset all_people_one_expression --bucket_config {"128px_ar1:1":{9:(1.0,1)}} --learning_rate 2e-4 --lr_scheduler.warmup_steps 1000 --debug_stats_every 1 --log_every 1 --eval_every 1 --psnr_guard_max_failures 3
Resume checkpoint: /home/piado/projects/aip-lindell/piado/vae/Open-Sora/outputs/generalization_gen_none__perc1p5__k1em6_256px_logging__job3280616_t2/epoch299-global_step15000
Sun Apr 26 22:43:46 2026       
+-----------------------------------------------------------------------------------------+
| NVIDIA-SMI 570.148.08             Driver Version: 570.148.08     CUDA Version: 12.8     |
|-----------------------------------------+------------------------+----------------------+
| GPU  Name                 Persistence-M | Bus-Id          Disp.A | Volatile Uncorr. ECC |
| Fan  Temp   Perf          Pwr:Usage/Cap |           Memory-Usage | GPU-Util  Compute M. |
|                                         |                        |               MIG M. |
|=========================================+========================+======================|
|   0  NVIDIA L40S                    On  |   00000000:17:00.0 Off |                    0 |
| N/A   30C    P8             47W /  350W |       0MiB /  46068MiB |      0%      Default |
|                                         |                        |                  N/A |
+-----------------------------------------+------------------------+----------------------+
                                                                                         
+-----------------------------------------------------------------------------------------+
| Processes:                                                                              |
|  GPU   GI   CI              PID   Type   Process name                        GPU Memory |
|        ID   ID                                                               Usage      |
|=========================================================================================|
|  No running processes found                                                             |
+-----------------------------------------------------------------------------------------+
MASTER_ADDR=127.0.0.1 MASTER_PORT=24144
DYNAMO_BACKEND=inductor
Launch attempt 1/3 on port 24144
[wan_multiview] effective data: epochs=100000 DATA_ROOT=/datasets/lindell-proj/neumayr/nersemble_v2/processed/128-res train_target_hw=(128, 128) train_target_frames=9 bucket_config={'128px_ar1:1': {9: (1.0, 1)}}
changing outputs/generalization_gen_none__perc1p5__k1em6_resume_all_people_one_expression__lr2e4_warmup1k__job3304140_t4 to share
PTVideoDataset: Found 405 .pt file(s)
PTVideoDataset: Found 10 .pt file(s)
[MultiviewWanVideoVAE] Loaded Wan 2.1 into crossview_vae: /home/piado/scratch/Wan2.1_VAE.pth
  -> 194 ckpt keys; 228 missing, 90 unexpected
modulated mixed image ratio: 0.0
[step_time] Average wall time over first 10 training steps: 4.3490 s
[1;34mwandb[0m: 
[1;34mwandb[0m: 🚀 View run [33mgeneralization_gen_none__perc1p5__k1em6_resume_all_people_one_expression__lr2e4_warmup1k__lpdefault_per1.5_kl1e-06_vc0.0_discnone_gdwna[0m at: [34mhttps://wandb.ai/pia-uni/wan_multiview_vae/runs/fzr0hv7x[0m
