=== wan_multiview_train_mv4d_loss_sweep task 31/54 idx=30 ===
wandb_expr_name=sweep_mv4d__perc1p5__d02__k1em6
experiment_name (outputs dir)=sweep_mv4d__perc1p5__d02__k1em6__job3167785_t31
epochs=30 bucket_config={'128px_ar1:1':{9:(1.0,1)}}
Overrides: --discriminator_choice TrainMultiview4D --vae_loss_config.perceptual_loss_weight 1.5 --gen_disc_weight 0.2 --sweep_gen_disc_weight 0.2 --vae_loss_config.kl_loss_weight 1e-6
Wed Apr 15 06:55:58 2026       
+-----------------------------------------------------------------------------------------+
| NVIDIA-SMI 570.148.08             Driver Version: 570.148.08     CUDA Version: 12.8     |
|-----------------------------------------+------------------------+----------------------+
| GPU  Name                 Persistence-M | Bus-Id          Disp.A | Volatile Uncorr. ECC |
| Fan  Temp   Perf          Pwr:Usage/Cap |           Memory-Usage | GPU-Util  Compute M. |
|                                         |                        |               MIG M. |
|=========================================+========================+======================|
|   0  NVIDIA L40S                    On  |   00000000:CA:00.0 Off |                    0 |
| N/A   44C    P8             38W /  350W |       0MiB /  46068MiB |      0%      Default |
|                                         |                        |                  N/A |
+-----------------------------------------+------------------------+----------------------+
                                                                                         
+-----------------------------------------------------------------------------------------+
| Processes:                                                                              |
|  GPU   GI   CI              PID   Type   Process name                        GPU Memory |
|        ID   ID                                                               Usage      |
|=========================================================================================|
|  No running processes found                                                             |
+-----------------------------------------------------------------------------------------+
MASTER_ADDR=127.0.0.1 MASTER_PORT=27816
DYNAMO_BACKEND=inductor
Launch attempt 1/3 on port 27816
[wan_multiview] effective data: epochs=30 DATA_ROOT=/datasets/lindell-proj/neumayr/nersemble_v2/processed/128-res train_target_hw=(128, 128) train_target_frames=9 bucket_config={'128px_ar1:1': {9: (1.0, 1)}}
changing outputs/sweep_mv4d__perc1p5__d02__k1em6__job3167785_t31 to share
PTVideoDataset: Found 405 .pt file(s)
PTVideoDataset: Found 10 .pt file(s)
[MultiviewWanVideoVAE] Loaded Wan 2.1 into crossview_vae: /home/piado/scratch/Wan2.1_VAE.pth
  -> 194 ckpt keys; 228 missing, 90 unexpected
modulated mixed image ratio: 0.0
[step_time] Average wall time over first 10 training steps: 3.0680 s
[04/15/26 07:03:22] INFO     colossalai - colossalai - INFO:                    
                             /home/piado/.local/lib/python3.11/site-packages/col
                             ossalai/booster/plugin/low_level_zero_plugin.py:240
                              save_sharded_optimizer                            
                    INFO     colossalai - colossalai - INFO: The optimizer is   
                             going to be split to checkpoint shards. You can    
                             find where each parameters has been saved in the   
                             index located at pytorch_optim.bin.index.json.     
[04/15/26 07:09:59] INFO     colossalai - colossalai - INFO:                    
                             /home/piado/.local/lib/python3.11/site-packages/col
                             ossalai/booster/plugin/low_level_zero_plugin.py:240
                              save_sharded_optimizer                            
                    INFO     colossalai - colossalai - INFO: The optimizer is   
                             going to be split to checkpoint shards. You can    
                             find where each parameters has been saved in the   
                             index located at pytorch_optim.bin.index.json.     
[04/15/26 07:16:35] INFO     colossalai - colossalai - INFO:                    
                             /home/piado/.local/lib/python3.11/site-packages/col
                             ossalai/booster/plugin/low_level_zero_plugin.py:240
                              save_sharded_optimizer                            
                    INFO     colossalai - colossalai - INFO: The optimizer is   
                             going to be split to checkpoint shards. You can    
                             find where each parameters has been saved in the   
                             index located at pytorch_optim.bin.index.json.     
[04/15/26 07:23:11] INFO     colossalai - colossalai - INFO:                    
                             /home/piado/.local/lib/python3.11/site-packages/col
                             ossalai/booster/plugin/low_level_zero_plugin.py:240
                              save_sharded_optimizer                            
                    INFO     colossalai - colossalai - INFO: The optimizer is   
                             going to be split to checkpoint shards. You can    
                             find where each parameters has been saved in the   
                             index located at pytorch_optim.bin.index.json.     
[04/15/26 07:29:57] INFO     colossalai - colossalai - INFO:                    
                             /home/piado/.local/lib/python3.11/site-packages/col
                             ossalai/booster/plugin/low_level_zero_plugin.py:240
                              save_sharded_optimizer                            
                    INFO     colossalai - colossalai - INFO: The optimizer is   
                             going to be split to checkpoint shards. You can    
                             find where each parameters has been saved in the   
                             index located at pytorch_optim.bin.index.json.     
[04/15/26 07:36:42] INFO     colossalai - colossalai - INFO:                    
                             /home/piado/.local/lib/python3.11/site-packages/col
                             ossalai/booster/plugin/low_level_zero_plugin.py:240
                              save_sharded_optimizer                            
                    INFO     colossalai - colossalai - INFO: The optimizer is   
                             going to be split to checkpoint shards. You can    
                             find where each parameters has been saved in the   
                             index located at pytorch_optim.bin.index.json.     
[04/15/26 07:43:24] INFO     colossalai - colossalai - INFO:                    
                             /home/piado/.local/lib/python3.11/site-packages/col
                             ossalai/booster/plugin/low_level_zero_plugin.py:240
                              save_sharded_optimizer                            
                    INFO     colossalai - colossalai - INFO: The optimizer is   
                             going to be split to checkpoint shards. You can    
                             find where each parameters has been saved in the   
                             index located at pytorch_optim.bin.index.json.     
[04/15/26 07:50:06] INFO     colossalai - colossalai - INFO:                    
                             /home/piado/.local/lib/python3.11/site-packages/col
                             ossalai/booster/plugin/low_level_zero_plugin.py:240
                              save_sharded_optimizer                            
                    INFO     colossalai - colossalai - INFO: The optimizer is   
                             going to be split to checkpoint shards. You can    
                             find where each parameters has been saved in the   
                             index located at pytorch_optim.bin.index.json.     
[04/15/26 07:56:51] INFO     colossalai - colossalai - INFO:                    
                             /home/piado/.local/lib/python3.11/site-packages/col
                             ossalai/booster/plugin/low_level_zero_plugin.py:240
                              save_sharded_optimizer                            
                    INFO     colossalai - colossalai - INFO: The optimizer is   
                             going to be split to checkpoint shards. You can    
                             find where each parameters has been saved in the   
                             index located at pytorch_optim.bin.index.json.     
[04/15/26 08:03:37] INFO     colossalai - colossalai - INFO:                    
                             /home/piado/.local/lib/python3.11/site-packages/col
                             ossalai/booster/plugin/low_level_zero_plugin.py:240
                              save_sharded_optimizer                            
                    INFO     colossalai - colossalai - INFO: The optimizer is   
                             going to be split to checkpoint shards. You can    
                             find where each parameters has been saved in the   
                             index located at pytorch_optim.bin.index.json.     
[04/15/26 08:10:23] INFO     colossalai - colossalai - INFO:                    
                             /home/piado/.local/lib/python3.11/site-packages/col
                             ossalai/booster/plugin/low_level_zero_plugin.py:240
                              save_sharded_optimizer                            
                    INFO     colossalai - colossalai - INFO: The optimizer is   
                             going to be split to checkpoint shards. You can    
                             find where each parameters has been saved in the   
                             index located at pytorch_optim.bin.index.json.     
[04/15/26 08:17:09] INFO     colossalai - colossalai - INFO:                    
                             /home/piado/.local/lib/python3.11/site-packages/col
                             ossalai/booster/plugin/low_level_zero_plugin.py:240
                              save_sharded_optimizer                            
                    INFO     colossalai - colossalai - INFO: The optimizer is   
                             going to be split to checkpoint shards. You can    
                             find where each parameters has been saved in the   
                             index located at pytorch_optim.bin.index.json.     
[04/15/26 08:23:57] INFO     colossalai - colossalai - INFO:                    
                             /home/piado/.local/lib/python3.11/site-packages/col
                             ossalai/booster/plugin/low_level_zero_plugin.py:240
                              save_sharded_optimizer                            
                    INFO     colossalai - colossalai - INFO: The optimizer is   
                             going to be split to checkpoint shards. You can    
                             find where each parameters has been saved in the   
                             index located at pytorch_optim.bin.index.json.     
[04/15/26 08:30:43] INFO     colossalai - colossalai - INFO:                    
                             /home/piado/.local/lib/python3.11/site-packages/col
                             ossalai/booster/plugin/low_level_zero_plugin.py:240
                              save_sharded_optimizer                            
                    INFO     colossalai - colossalai - INFO: The optimizer is   
                             going to be split to checkpoint shards. You can    
                             find where each parameters has been saved in the   
                             index located at pytorch_optim.bin.index.json.     
[04/15/26 08:37:29] INFO     colossalai - colossalai - INFO:                    
                             /home/piado/.local/lib/python3.11/site-packages/col
                             ossalai/booster/plugin/low_level_zero_plugin.py:240
                              save_sharded_optimizer                            
                    INFO     colossalai - colossalai - INFO: The optimizer is   
                             going to be split to checkpoint shards. You can    
                             find where each parameters has been saved in the   
                             index located at pytorch_optim.bin.index.json.     
[04/15/26 08:44:14] INFO     colossalai - colossalai - INFO:                    
                             /home/piado/.local/lib/python3.11/site-packages/col
                             ossalai/booster/plugin/low_level_zero_plugin.py:240
                              save_sharded_optimizer                            
                    INFO     colossalai - colossalai - INFO: The optimizer is   
                             going to be split to checkpoint shards. You can    
                             find where each parameters has been saved in the   
                             index located at pytorch_optim.bin.index.json.     
[04/15/26 08:51:02] INFO     colossalai - colossalai - INFO:                    
                             /home/piado/.local/lib/python3.11/site-packages/col
                             ossalai/booster/plugin/low_level_zero_plugin.py:240
                              save_sharded_optimizer                            
                    INFO     colossalai - colossalai - INFO: The optimizer is   
                             going to be split to checkpoint shards. You can    
                             find where each parameters has been saved in the   
                             index located at pytorch_optim.bin.index.json.     
[04/15/26 08:57:55] INFO     colossalai - colossalai - INFO:                    
                             /home/piado/.local/lib/python3.11/site-packages/col
                             ossalai/booster/plugin/low_level_zero_plugin.py:240
                              save_sharded_optimizer                            
                    INFO     colossalai - colossalai - INFO: The optimizer is   
                             going to be split to checkpoint shards. You can    
                             find where each parameters has been saved in the   
                             index located at pytorch_optim.bin.index.json.     
[04/15/26 09:04:44] INFO     colossalai - colossalai - INFO:                    
                             /home/piado/.local/lib/python3.11/site-packages/col
                             ossalai/booster/plugin/low_level_zero_plugin.py:240
                              save_sharded_optimizer                            
                    INFO     colossalai - colossalai - INFO: The optimizer is   
                             going to be split to checkpoint shards. You can    
                             find where each parameters has been saved in the   
                             index located at pytorch_optim.bin.index.json.     
[04/15/26 09:11:38] INFO     colossalai - colossalai - INFO:                    
                             /home/piado/.local/lib/python3.11/site-packages/col
                             ossalai/booster/plugin/low_level_zero_plugin.py:240
                              save_sharded_optimizer                            
                    INFO     colossalai - colossalai - INFO: The optimizer is   
                             going to be split to checkpoint shards. You can    
                             find where each parameters has been saved in the   
                             index located at pytorch_optim.bin.index.json.     
[04/15/26 09:18:26] INFO     colossalai - colossalai - INFO:                    
                             /home/piado/.local/lib/python3.11/site-packages/col
                             ossalai/booster/plugin/low_level_zero_plugin.py:240
                              save_sharded_optimizer                            
                    INFO     colossalai - colossalai - INFO: The optimizer is   
                             going to be split to checkpoint shards. You can    
                             find where each parameters has been saved in the   
                             index located at pytorch_optim.bin.index.json.     
[04/15/26 09:25:15] INFO     colossalai - colossalai - INFO:                    
                             /home/piado/.local/lib/python3.11/site-packages/col
                             ossalai/booster/plugin/low_level_zero_plugin.py:240
                              save_sharded_optimizer                            
                    INFO     colossalai - colossalai - INFO: The optimizer is   
                             going to be split to checkpoint shards. You can    
                             find where each parameters has been saved in the   
                             index located at pytorch_optim.bin.index.json.     
[04/15/26 09:32:03] INFO     colossalai - colossalai - INFO:                    
                             /home/piado/.local/lib/python3.11/site-packages/col
                             ossalai/booster/plugin/low_level_zero_plugin.py:240
                              save_sharded_optimizer                            
                    INFO     colossalai - colossalai - INFO: The optimizer is   
                             going to be split to checkpoint shards. You can    
                             find where each parameters has been saved in the   
                             index located at pytorch_optim.bin.index.json.     
[04/15/26 09:38:53] INFO     colossalai - colossalai - INFO:                    
                             /home/piado/.local/lib/python3.11/site-packages/col
                             ossalai/booster/plugin/low_level_zero_plugin.py:240
                              save_sharded_optimizer                            
                    INFO     colossalai - colossalai - INFO: The optimizer is   
                             going to be split to checkpoint shards. You can    
                             find where each parameters has been saved in the   
                             index located at pytorch_optim.bin.index.json.     
[04/15/26 09:42:45] INFO     colossalai - colossalai - INFO:                    
                             /home/piado/.local/lib/python3.11/site-packages/col
                             ossalai/booster/plugin/low_level_zero_plugin.py:240
                              save_sharded_optimizer                            
                    INFO     colossalai - colossalai - INFO: The optimizer is   
                             going to be split to checkpoint shards. You can    
                             find where each parameters has been saved in the   
                             index located at pytorch_optim.bin.index.json.     
[1;34mwandb[0m: 
[1;34mwandb[0m: 🚀 View run [33msweep_mv4d__perc1p5__d02__k1em6__lpdefault_per1.5_kl1e-06_vc0.0_discTrainMultiview4D_gdw0.2[0m at: [34mhttps://wandb.ai/pia-uni/wan_multiview_vae/runs/nrnpv04j[0m
