=== wan_multiview_train_mv4d_loss_sweep task 46/54 idx=45 ===
wandb_expr_name=sweep_mv4d__perc3p0__d01__k1em6
experiment_name (outputs dir)=sweep_mv4d__perc3p0__d01__k1em6__job3167867_t46
epochs=30 bucket_config={'128px_ar1:1':{9:(1.0,1)}}
Overrides: --discriminator_choice TrainMultiview4D --vae_loss_config.perceptual_loss_weight 3.0 --gen_disc_weight 0.1 --sweep_gen_disc_weight 0.1 --vae_loss_config.kl_loss_weight 1e-6
Wed Apr 15 07:53:31 2026       
+-----------------------------------------------------------------------------------------+
| NVIDIA-SMI 570.148.08             Driver Version: 570.148.08     CUDA Version: 12.8     |
|-----------------------------------------+------------------------+----------------------+
| GPU  Name                 Persistence-M | Bus-Id          Disp.A | Volatile Uncorr. ECC |
| Fan  Temp   Perf          Pwr:Usage/Cap |           Memory-Usage | GPU-Util  Compute M. |
|                                         |                        |               MIG M. |
|=========================================+========================+======================|
|   0  NVIDIA L40S                    On  |   00000000:E3:00.0 Off |                    0 |
| N/A   41C    P8             36W /  350W |       0MiB /  46068MiB |      0%      Default |
|                                         |                        |                  N/A |
+-----------------------------------------+------------------------+----------------------+
                                                                                         
+-----------------------------------------------------------------------------------------+
| Processes:                                                                              |
|  GPU   GI   CI              PID   Type   Process name                        GPU Memory |
|        ID   ID                                                               Usage      |
|=========================================================================================|
|  No running processes found                                                             |
+-----------------------------------------------------------------------------------------+
MASTER_ADDR=127.0.0.1 MASTER_PORT=27913
DYNAMO_BACKEND=inductor
Launch attempt 1/3 on port 27913
[wan_multiview] effective data: epochs=30 DATA_ROOT=/datasets/lindell-proj/neumayr/nersemble_v2/processed/128-res train_target_hw=(128, 128) train_target_frames=9 bucket_config={'128px_ar1:1': {9: (1.0, 1)}}
changing outputs/sweep_mv4d__perc3p0__d01__k1em6__job3167867_t46 to share
PTVideoDataset: Found 405 .pt file(s)
PTVideoDataset: Found 10 .pt file(s)
[MultiviewWanVideoVAE] Loaded Wan 2.1 into crossview_vae: /home/piado/scratch/Wan2.1_VAE.pth
  -> 194 ckpt keys; 228 missing, 90 unexpected
modulated mixed image ratio: 0.0
[step_time] Average wall time over first 10 training steps: 3.2526 s
[04/15/26 08:01:06] INFO     colossalai - colossalai - INFO:                    
                             /home/piado/.local/lib/python3.11/site-packages/col
                             ossalai/booster/plugin/low_level_zero_plugin.py:240
                              save_sharded_optimizer                            
                    INFO     colossalai - colossalai - INFO: The optimizer is   
                             going to be split to checkpoint shards. You can    
                             find where each parameters has been saved in the   
                             index located at pytorch_optim.bin.index.json.     
[04/15/26 08:07:38] INFO     colossalai - colossalai - INFO:                    
                             /home/piado/.local/lib/python3.11/site-packages/col
                             ossalai/booster/plugin/low_level_zero_plugin.py:240
                              save_sharded_optimizer                            
                    INFO     colossalai - colossalai - INFO: The optimizer is   
                             going to be split to checkpoint shards. You can    
                             find where each parameters has been saved in the   
                             index located at pytorch_optim.bin.index.json.     
[04/15/26 08:14:24] INFO     colossalai - colossalai - INFO:                    
                             /home/piado/.local/lib/python3.11/site-packages/col
                             ossalai/booster/plugin/low_level_zero_plugin.py:240
                              save_sharded_optimizer                            
                    INFO     colossalai - colossalai - INFO: The optimizer is   
                             going to be split to checkpoint shards. You can    
                             find where each parameters has been saved in the   
                             index located at pytorch_optim.bin.index.json.     
[04/15/26 08:21:12] INFO     colossalai - colossalai - INFO:                    
                             /home/piado/.local/lib/python3.11/site-packages/col
                             ossalai/booster/plugin/low_level_zero_plugin.py:240
                              save_sharded_optimizer                            
                    INFO     colossalai - colossalai - INFO: The optimizer is   
                             going to be split to checkpoint shards. You can    
                             find where each parameters has been saved in the   
                             index located at pytorch_optim.bin.index.json.     
[04/15/26 08:27:59] INFO     colossalai - colossalai - INFO:                    
                             /home/piado/.local/lib/python3.11/site-packages/col
                             ossalai/booster/plugin/low_level_zero_plugin.py:240
                              save_sharded_optimizer                            
                    INFO     colossalai - colossalai - INFO: The optimizer is   
                             going to be split to checkpoint shards. You can    
                             find where each parameters has been saved in the   
                             index located at pytorch_optim.bin.index.json.     
[04/15/26 08:34:46] INFO     colossalai - colossalai - INFO:                    
                             /home/piado/.local/lib/python3.11/site-packages/col
                             ossalai/booster/plugin/low_level_zero_plugin.py:240
                              save_sharded_optimizer                            
                    INFO     colossalai - colossalai - INFO: The optimizer is   
                             going to be split to checkpoint shards. You can    
                             find where each parameters has been saved in the   
                             index located at pytorch_optim.bin.index.json.     
[04/15/26 08:41:32] INFO     colossalai - colossalai - INFO:                    
                             /home/piado/.local/lib/python3.11/site-packages/col
                             ossalai/booster/plugin/low_level_zero_plugin.py:240
                              save_sharded_optimizer                            
                    INFO     colossalai - colossalai - INFO: The optimizer is   
                             going to be split to checkpoint shards. You can    
                             find where each parameters has been saved in the   
                             index located at pytorch_optim.bin.index.json.     
[04/15/26 08:48:21] INFO     colossalai - colossalai - INFO:                    
                             /home/piado/.local/lib/python3.11/site-packages/col
                             ossalai/booster/plugin/low_level_zero_plugin.py:240
                              save_sharded_optimizer                            
                    INFO     colossalai - colossalai - INFO: The optimizer is   
                             going to be split to checkpoint shards. You can    
                             find where each parameters has been saved in the   
                             index located at pytorch_optim.bin.index.json.     
[04/15/26 08:55:12] INFO     colossalai - colossalai - INFO:                    
                             /home/piado/.local/lib/python3.11/site-packages/col
                             ossalai/booster/plugin/low_level_zero_plugin.py:240
                              save_sharded_optimizer                            
                    INFO     colossalai - colossalai - INFO: The optimizer is   
                             going to be split to checkpoint shards. You can    
                             find where each parameters has been saved in the   
                             index located at pytorch_optim.bin.index.json.     
[04/15/26 09:02:03] INFO     colossalai - colossalai - INFO:                    
                             /home/piado/.local/lib/python3.11/site-packages/col
                             ossalai/booster/plugin/low_level_zero_plugin.py:240
                              save_sharded_optimizer                            
                    INFO     colossalai - colossalai - INFO: The optimizer is   
                             going to be split to checkpoint shards. You can    
                             find where each parameters has been saved in the   
                             index located at pytorch_optim.bin.index.json.     
[04/15/26 09:08:54] INFO     colossalai - colossalai - INFO:                    
                             /home/piado/.local/lib/python3.11/site-packages/col
                             ossalai/booster/plugin/low_level_zero_plugin.py:240
                              save_sharded_optimizer                            
                    INFO     colossalai - colossalai - INFO: The optimizer is   
                             going to be split to checkpoint shards. You can    
                             find where each parameters has been saved in the   
                             index located at pytorch_optim.bin.index.json.     
[04/15/26 09:15:45] INFO     colossalai - colossalai - INFO:                    
                             /home/piado/.local/lib/python3.11/site-packages/col
                             ossalai/booster/plugin/low_level_zero_plugin.py:240
                              save_sharded_optimizer                            
                    INFO     colossalai - colossalai - INFO: The optimizer is   
                             going to be split to checkpoint shards. You can    
                             find where each parameters has been saved in the   
                             index located at pytorch_optim.bin.index.json.     
[04/15/26 09:22:31] INFO     colossalai - colossalai - INFO:                    
                             /home/piado/.local/lib/python3.11/site-packages/col
                             ossalai/booster/plugin/low_level_zero_plugin.py:240
                              save_sharded_optimizer                            
                    INFO     colossalai - colossalai - INFO: The optimizer is   
                             going to be split to checkpoint shards. You can    
                             find where each parameters has been saved in the   
                             index located at pytorch_optim.bin.index.json.     
[04/15/26 09:29:06] INFO     colossalai - colossalai - INFO:                    
                             /home/piado/.local/lib/python3.11/site-packages/col
                             ossalai/booster/plugin/low_level_zero_plugin.py:240
                              save_sharded_optimizer                            
                    INFO     colossalai - colossalai - INFO: The optimizer is   
                             going to be split to checkpoint shards. You can    
                             find where each parameters has been saved in the   
                             index located at pytorch_optim.bin.index.json.     
[04/15/26 09:35:38] INFO     colossalai - colossalai - INFO:                    
                             /home/piado/.local/lib/python3.11/site-packages/col
                             ossalai/booster/plugin/low_level_zero_plugin.py:240
                              save_sharded_optimizer                            
                    INFO     colossalai - colossalai - INFO: The optimizer is   
                             going to be split to checkpoint shards. You can    
                             find where each parameters has been saved in the   
                             index located at pytorch_optim.bin.index.json.     
[04/15/26 09:42:09] INFO     colossalai - colossalai - INFO:                    
                             /home/piado/.local/lib/python3.11/site-packages/col
                             ossalai/booster/plugin/low_level_zero_plugin.py:240
                              save_sharded_optimizer                            
                    INFO     colossalai - colossalai - INFO: The optimizer is   
                             going to be split to checkpoint shards. You can    
                             find where each parameters has been saved in the   
                             index located at pytorch_optim.bin.index.json.     
[04/15/26 09:48:42] INFO     colossalai - colossalai - INFO:                    
                             /home/piado/.local/lib/python3.11/site-packages/col
                             ossalai/booster/plugin/low_level_zero_plugin.py:240
                              save_sharded_optimizer                            
                    INFO     colossalai - colossalai - INFO: The optimizer is   
                             going to be split to checkpoint shards. You can    
                             find where each parameters has been saved in the   
                             index located at pytorch_optim.bin.index.json.     
[04/15/26 09:55:15] INFO     colossalai - colossalai - INFO:                    
                             /home/piado/.local/lib/python3.11/site-packages/col
                             ossalai/booster/plugin/low_level_zero_plugin.py:240
                              save_sharded_optimizer                            
                    INFO     colossalai - colossalai - INFO: The optimizer is   
                             going to be split to checkpoint shards. You can    
                             find where each parameters has been saved in the   
                             index located at pytorch_optim.bin.index.json.     
[04/15/26 10:01:48] INFO     colossalai - colossalai - INFO:                    
                             /home/piado/.local/lib/python3.11/site-packages/col
                             ossalai/booster/plugin/low_level_zero_plugin.py:240
                              save_sharded_optimizer                            
                    INFO     colossalai - colossalai - INFO: The optimizer is   
                             going to be split to checkpoint shards. You can    
                             find where each parameters has been saved in the   
                             index located at pytorch_optim.bin.index.json.     
[04/15/26 10:08:23] INFO     colossalai - colossalai - INFO:                    
                             /home/piado/.local/lib/python3.11/site-packages/col
                             ossalai/booster/plugin/low_level_zero_plugin.py:240
                              save_sharded_optimizer                            
                    INFO     colossalai - colossalai - INFO: The optimizer is   
                             going to be split to checkpoint shards. You can    
                             find where each parameters has been saved in the   
                             index located at pytorch_optim.bin.index.json.     
[04/15/26 10:15:15] INFO     colossalai - colossalai - INFO:                    
                             /home/piado/.local/lib/python3.11/site-packages/col
                             ossalai/booster/plugin/low_level_zero_plugin.py:240
                              save_sharded_optimizer                            
                    INFO     colossalai - colossalai - INFO: The optimizer is   
                             going to be split to checkpoint shards. You can    
                             find where each parameters has been saved in the   
                             index located at pytorch_optim.bin.index.json.     
[04/15/26 10:22:09] INFO     colossalai - colossalai - INFO:                    
                             /home/piado/.local/lib/python3.11/site-packages/col
                             ossalai/booster/plugin/low_level_zero_plugin.py:240
                              save_sharded_optimizer                            
                    INFO     colossalai - colossalai - INFO: The optimizer is   
                             going to be split to checkpoint shards. You can    
                             find where each parameters has been saved in the   
                             index located at pytorch_optim.bin.index.json.     
[04/15/26 10:29:02] INFO     colossalai - colossalai - INFO:                    
                             /home/piado/.local/lib/python3.11/site-packages/col
                             ossalai/booster/plugin/low_level_zero_plugin.py:240
                              save_sharded_optimizer                            
                    INFO     colossalai - colossalai - INFO: The optimizer is   
                             going to be split to checkpoint shards. You can    
                             find where each parameters has been saved in the   
                             index located at pytorch_optim.bin.index.json.     
[04/15/26 10:35:57] INFO     colossalai - colossalai - INFO:                    
                             /home/piado/.local/lib/python3.11/site-packages/col
                             ossalai/booster/plugin/low_level_zero_plugin.py:240
                              save_sharded_optimizer                            
                    INFO     colossalai - colossalai - INFO: The optimizer is   
                             going to be split to checkpoint shards. You can    
                             find where each parameters has been saved in the   
                             index located at pytorch_optim.bin.index.json.     
[04/15/26 10:39:54] INFO     colossalai - colossalai - INFO:                    
                             /home/piado/.local/lib/python3.11/site-packages/col
                             ossalai/booster/plugin/low_level_zero_plugin.py:240
                              save_sharded_optimizer                            
                    INFO     colossalai - colossalai - INFO: The optimizer is   
                             going to be split to checkpoint shards. You can    
                             find where each parameters has been saved in the   
                             index located at pytorch_optim.bin.index.json.     
[1;34mwandb[0m: 
[1;34mwandb[0m: 🚀 View run [33msweep_mv4d__perc3p0__d01__k1em6__lpdefault_per3.0_kl1e-06_vc0.0_discTrainMultiview4D_gdw0.1[0m at: [34mhttps://wandb.ai/pia-uni/wan_multiview_vae/runs/pbq4tfls[0m
