=== wan_multiview_train_mv4d_loss_sweep task 21/54 idx=20 ===
wandb_expr_name=sweep_train__perc3p0__d01__k1em8
experiment_name (outputs dir)=sweep_train__perc3p0__d01__k1em8__job3167742_t21
epochs=30 bucket_config={'128px_ar1:1':{9:(1.0,1)}}
Overrides: --discriminator_choice Train --vae_loss_config.perceptual_loss_weight 3.0 --gen_disc_weight 0.1 --sweep_gen_disc_weight 0.1 --vae_loss_config.kl_loss_weight 1e-8
Wed Apr 15 06:41:12 2026       
+-----------------------------------------------------------------------------------------+
| NVIDIA-SMI 570.148.08             Driver Version: 570.148.08     CUDA Version: 12.8     |
|-----------------------------------------+------------------------+----------------------+
| GPU  Name                 Persistence-M | Bus-Id          Disp.A | Volatile Uncorr. ECC |
| Fan  Temp   Perf          Pwr:Usage/Cap |           Memory-Usage | GPU-Util  Compute M. |
|                                         |                        |               MIG M. |
|=========================================+========================+======================|
|   0  NVIDIA L40S                    On  |   00000000:CA:00.0 Off |                    0 |
| N/A   33C    P8             33W /  350W |       0MiB /  46068MiB |      0%      Default |
|                                         |                        |                  N/A |
+-----------------------------------------+------------------------+----------------------+
                                                                                         
+-----------------------------------------------------------------------------------------+
| Processes:                                                                              |
|  GPU   GI   CI              PID   Type   Process name                        GPU Memory |
|        ID   ID                                                               Usage      |
|=========================================================================================|
|  No running processes found                                                             |
+-----------------------------------------------------------------------------------------+
MASTER_ADDR=127.0.0.1 MASTER_PORT=27763
DYNAMO_BACKEND=inductor
Launch attempt 1/3 on port 27763
[wan_multiview] effective data: epochs=30 DATA_ROOT=/datasets/lindell-proj/neumayr/nersemble_v2/processed/128-res train_target_hw=(128, 128) train_target_frames=9 bucket_config={'128px_ar1:1': {9: (1.0, 1)}}
changing outputs/sweep_train__perc3p0__d01__k1em8__job3167742_t21 to share
PTVideoDataset: Found 405 .pt file(s)
PTVideoDataset: Found 10 .pt file(s)
[MultiviewWanVideoVAE] Loaded Wan 2.1 into crossview_vae: /home/piado/scratch/Wan2.1_VAE.pth
  -> 194 ckpt keys; 228 missing, 90 unexpected
modulated mixed image ratio: 0.0
[step_time] Average wall time over first 10 training steps: 2.9517 s
[04/15/26 06:48:15] INFO     colossalai - colossalai - INFO:                    
                             /home/piado/.local/lib/python3.11/site-packages/col
                             ossalai/booster/plugin/low_level_zero_plugin.py:240
                              save_sharded_optimizer                            
                    INFO     colossalai - colossalai - INFO: The optimizer is   
                             going to be split to checkpoint shards. You can    
                             find where each parameters has been saved in the   
                             index located at pytorch_optim.bin.index.json.     
[04/15/26 06:54:36] INFO     colossalai - colossalai - INFO:                    
                             /home/piado/.local/lib/python3.11/site-packages/col
                             ossalai/booster/plugin/low_level_zero_plugin.py:240
                              save_sharded_optimizer                            
                    INFO     colossalai - colossalai - INFO: The optimizer is   
                             going to be split to checkpoint shards. You can    
                             find where each parameters has been saved in the   
                             index located at pytorch_optim.bin.index.json.     
[04/15/26 07:00:57] INFO     colossalai - colossalai - INFO:                    
                             /home/piado/.local/lib/python3.11/site-packages/col
                             ossalai/booster/plugin/low_level_zero_plugin.py:240
                              save_sharded_optimizer                            
                    INFO     colossalai - colossalai - INFO: The optimizer is   
                             going to be split to checkpoint shards. You can    
                             find where each parameters has been saved in the   
                             index located at pytorch_optim.bin.index.json.     
[04/15/26 07:07:18] INFO     colossalai - colossalai - INFO:                    
                             /home/piado/.local/lib/python3.11/site-packages/col
                             ossalai/booster/plugin/low_level_zero_plugin.py:240
                              save_sharded_optimizer                            
                    INFO     colossalai - colossalai - INFO: The optimizer is   
                             going to be split to checkpoint shards. You can    
                             find where each parameters has been saved in the   
                             index located at pytorch_optim.bin.index.json.     
[04/15/26 07:13:40] INFO     colossalai - colossalai - INFO:                    
                             /home/piado/.local/lib/python3.11/site-packages/col
                             ossalai/booster/plugin/low_level_zero_plugin.py:240
                              save_sharded_optimizer                            
                    INFO     colossalai - colossalai - INFO: The optimizer is   
                             going to be split to checkpoint shards. You can    
                             find where each parameters has been saved in the   
                             index located at pytorch_optim.bin.index.json.     
[04/15/26 07:20:01] INFO     colossalai - colossalai - INFO:                    
                             /home/piado/.local/lib/python3.11/site-packages/col
                             ossalai/booster/plugin/low_level_zero_plugin.py:240
                              save_sharded_optimizer                            
                    INFO     colossalai - colossalai - INFO: The optimizer is   
                             going to be split to checkpoint shards. You can    
                             find where each parameters has been saved in the   
                             index located at pytorch_optim.bin.index.json.     
[04/15/26 07:26:25] INFO     colossalai - colossalai - INFO:                    
                             /home/piado/.local/lib/python3.11/site-packages/col
                             ossalai/booster/plugin/low_level_zero_plugin.py:240
                              save_sharded_optimizer                            
                    INFO     colossalai - colossalai - INFO: The optimizer is   
                             going to be split to checkpoint shards. You can    
                             find where each parameters has been saved in the   
                             index located at pytorch_optim.bin.index.json.     
[04/15/26 07:32:48] INFO     colossalai - colossalai - INFO:                    
                             /home/piado/.local/lib/python3.11/site-packages/col
                             ossalai/booster/plugin/low_level_zero_plugin.py:240
                              save_sharded_optimizer                            
                    INFO     colossalai - colossalai - INFO: The optimizer is   
                             going to be split to checkpoint shards. You can    
                             find where each parameters has been saved in the   
                             index located at pytorch_optim.bin.index.json.     
[04/15/26 07:39:12] INFO     colossalai - colossalai - INFO:                    
                             /home/piado/.local/lib/python3.11/site-packages/col
                             ossalai/booster/plugin/low_level_zero_plugin.py:240
                              save_sharded_optimizer                            
                    INFO     colossalai - colossalai - INFO: The optimizer is   
                             going to be split to checkpoint shards. You can    
                             find where each parameters has been saved in the   
                             index located at pytorch_optim.bin.index.json.     
[04/15/26 07:45:35] INFO     colossalai - colossalai - INFO:                    
                             /home/piado/.local/lib/python3.11/site-packages/col
                             ossalai/booster/plugin/low_level_zero_plugin.py:240
                              save_sharded_optimizer                            
                    INFO     colossalai - colossalai - INFO: The optimizer is   
                             going to be split to checkpoint shards. You can    
                             find where each parameters has been saved in the   
                             index located at pytorch_optim.bin.index.json.     
[04/15/26 07:52:00] INFO     colossalai - colossalai - INFO:                    
                             /home/piado/.local/lib/python3.11/site-packages/col
                             ossalai/booster/plugin/low_level_zero_plugin.py:240
                              save_sharded_optimizer                            
                    INFO     colossalai - colossalai - INFO: The optimizer is   
                             going to be split to checkpoint shards. You can    
                             find where each parameters has been saved in the   
                             index located at pytorch_optim.bin.index.json.     
[04/15/26 07:58:24] INFO     colossalai - colossalai - INFO:                    
                             /home/piado/.local/lib/python3.11/site-packages/col
                             ossalai/booster/plugin/low_level_zero_plugin.py:240
                              save_sharded_optimizer                            
                    INFO     colossalai - colossalai - INFO: The optimizer is   
                             going to be split to checkpoint shards. You can    
                             find where each parameters has been saved in the   
                             index located at pytorch_optim.bin.index.json.     
[04/15/26 08:04:49] INFO     colossalai - colossalai - INFO:                    
                             /home/piado/.local/lib/python3.11/site-packages/col
                             ossalai/booster/plugin/low_level_zero_plugin.py:240
                              save_sharded_optimizer                            
                    INFO     colossalai - colossalai - INFO: The optimizer is   
                             going to be split to checkpoint shards. You can    
                             find where each parameters has been saved in the   
                             index located at pytorch_optim.bin.index.json.     
[04/15/26 08:11:14] INFO     colossalai - colossalai - INFO:                    
                             /home/piado/.local/lib/python3.11/site-packages/col
                             ossalai/booster/plugin/low_level_zero_plugin.py:240
                              save_sharded_optimizer                            
                    INFO     colossalai - colossalai - INFO: The optimizer is   
                             going to be split to checkpoint shards. You can    
                             find where each parameters has been saved in the   
                             index located at pytorch_optim.bin.index.json.     
[04/15/26 08:17:39] INFO     colossalai - colossalai - INFO:                    
                             /home/piado/.local/lib/python3.11/site-packages/col
                             ossalai/booster/plugin/low_level_zero_plugin.py:240
                              save_sharded_optimizer                            
                    INFO     colossalai - colossalai - INFO: The optimizer is   
                             going to be split to checkpoint shards. You can    
                             find where each parameters has been saved in the   
                             index located at pytorch_optim.bin.index.json.     
[04/15/26 08:24:04] INFO     colossalai - colossalai - INFO:                    
                             /home/piado/.local/lib/python3.11/site-packages/col
                             ossalai/booster/plugin/low_level_zero_plugin.py:240
                              save_sharded_optimizer                            
                    INFO     colossalai - colossalai - INFO: The optimizer is   
                             going to be split to checkpoint shards. You can    
                             find where each parameters has been saved in the   
                             index located at pytorch_optim.bin.index.json.     
[04/15/26 08:30:29] INFO     colossalai - colossalai - INFO:                    
                             /home/piado/.local/lib/python3.11/site-packages/col
                             ossalai/booster/plugin/low_level_zero_plugin.py:240
                              save_sharded_optimizer                            
                    INFO     colossalai - colossalai - INFO: The optimizer is   
                             going to be split to checkpoint shards. You can    
                             find where each parameters has been saved in the   
                             index located at pytorch_optim.bin.index.json.     
[04/15/26 08:36:54] INFO     colossalai - colossalai - INFO:                    
                             /home/piado/.local/lib/python3.11/site-packages/col
                             ossalai/booster/plugin/low_level_zero_plugin.py:240
                              save_sharded_optimizer                            
                    INFO     colossalai - colossalai - INFO: The optimizer is   
                             going to be split to checkpoint shards. You can    
                             find where each parameters has been saved in the   
                             index located at pytorch_optim.bin.index.json.     
[04/15/26 08:43:20] INFO     colossalai - colossalai - INFO:                    
                             /home/piado/.local/lib/python3.11/site-packages/col
                             ossalai/booster/plugin/low_level_zero_plugin.py:240
                              save_sharded_optimizer                            
                    INFO     colossalai - colossalai - INFO: The optimizer is   
                             going to be split to checkpoint shards. You can    
                             find where each parameters has been saved in the   
                             index located at pytorch_optim.bin.index.json.     
[04/15/26 08:50:00] INFO     colossalai - colossalai - INFO:                    
                             /home/piado/.local/lib/python3.11/site-packages/col
                             ossalai/booster/plugin/low_level_zero_plugin.py:240
                              save_sharded_optimizer                            
                    INFO     colossalai - colossalai - INFO: The optimizer is   
                             going to be split to checkpoint shards. You can    
                             find where each parameters has been saved in the   
                             index located at pytorch_optim.bin.index.json.     
[04/15/26 08:56:34] INFO     colossalai - colossalai - INFO:                    
                             /home/piado/.local/lib/python3.11/site-packages/col
                             ossalai/booster/plugin/low_level_zero_plugin.py:240
                              save_sharded_optimizer                            
                    INFO     colossalai - colossalai - INFO: The optimizer is   
                             going to be split to checkpoint shards. You can    
                             find where each parameters has been saved in the   
                             index located at pytorch_optim.bin.index.json.     
[04/15/26 09:03:10] INFO     colossalai - colossalai - INFO:                    
                             /home/piado/.local/lib/python3.11/site-packages/col
                             ossalai/booster/plugin/low_level_zero_plugin.py:240
                              save_sharded_optimizer                            
                    INFO     colossalai - colossalai - INFO: The optimizer is   
                             going to be split to checkpoint shards. You can    
                             find where each parameters has been saved in the   
                             index located at pytorch_optim.bin.index.json.     
[04/15/26 09:09:43] INFO     colossalai - colossalai - INFO:                    
                             /home/piado/.local/lib/python3.11/site-packages/col
                             ossalai/booster/plugin/low_level_zero_plugin.py:240
                              save_sharded_optimizer                            
                    INFO     colossalai - colossalai - INFO: The optimizer is   
                             going to be split to checkpoint shards. You can    
                             find where each parameters has been saved in the   
                             index located at pytorch_optim.bin.index.json.     
[04/15/26 09:16:09] INFO     colossalai - colossalai - INFO:                    
                             /home/piado/.local/lib/python3.11/site-packages/col
                             ossalai/booster/plugin/low_level_zero_plugin.py:240
                              save_sharded_optimizer                            
                    INFO     colossalai - colossalai - INFO: The optimizer is   
                             going to be split to checkpoint shards. You can    
                             find where each parameters has been saved in the   
                             index located at pytorch_optim.bin.index.json.     
[04/15/26 09:19:49] INFO     colossalai - colossalai - INFO:                    
                             /home/piado/.local/lib/python3.11/site-packages/col
                             ossalai/booster/plugin/low_level_zero_plugin.py:240
                              save_sharded_optimizer                            
                    INFO     colossalai - colossalai - INFO: The optimizer is   
                             going to be split to checkpoint shards. You can    
                             find where each parameters has been saved in the   
                             index located at pytorch_optim.bin.index.json.     
[1;34mwandb[0m: 
[1;34mwandb[0m: 🚀 View run [33msweep_train__perc3p0__d01__k1em8__lpdefault_per3.0_kl1e-08_vc0.0_discTrain_gdw0.1[0m at: [34mhttps://wandb.ai/pia-uni/wan_multiview_vae/runs/mw6h8d32[0m
