=== wan_multiview_generalization task 1/3 idx=0 ===
wandb_expr_name=generalization_gen_none__perc1p5__k1em6_256px_1
experiment_name (outputs dir)=generalization_gen_none__perc1p5__k1em6_256px_1__job3436182_t1
Overrides: --save_ckpt True
Resume checkpoint: /home/piado/projects/aip-lindell/piado/vae/Open-Sora/outputs/generalization_gen_none__perc1p5__k1em6_256px_logging__job3280616_t2/epoch299-global_step15000
Tue May  5 11:21:06 2026       
+-----------------------------------------------------------------------------------------+
| NVIDIA-SMI 570.148.08             Driver Version: 570.148.08     CUDA Version: 12.8     |
|-----------------------------------------+------------------------+----------------------+
| GPU  Name                 Persistence-M | Bus-Id          Disp.A | Volatile Uncorr. ECC |
| Fan  Temp   Perf          Pwr:Usage/Cap |           Memory-Usage | GPU-Util  Compute M. |
|                                         |                        |               MIG M. |
|=========================================+========================+======================|
|   0  NVIDIA L40S                    On  |   00000000:E3:00.0 Off |                    0 |
| N/A   41C    P0            108W /  350W |       0MiB /  46068MiB |      0%      Default |
|                                         |                        |                  N/A |
+-----------------------------------------+------------------------+----------------------+
                                                                                         
+-----------------------------------------------------------------------------------------+
| Processes:                                                                              |
|  GPU   GI   CI              PID   Type   Process name                        GPU Memory |
|        ID   ID                                                               Usage      |
|=========================================================================================|
|  No running processes found                                                             |
+-----------------------------------------------------------------------------------------+
MASTER_ADDR=127.0.0.1 MASTER_PORT=36183
DYNAMO_BACKEND=inductor
Launch attempt 1/3 on port 36183
[wan_multiview] effective data: epochs=100000 DATA_ROOT=/datasets/lindell-proj/neumayr/nersemble_v2/processed/256-res train_target_hw=(256, 256) train_target_frames=9 bucket_config={'256px_ar1:1': {9: (1.0, 1)}}
changing outputs/generalization_gen_none__perc1p5__k1em6_256px_1__job3436182_t1 to share
PTVideoDataset: Found 401 .pt file(s)
PTVideoDataset: Found 9 .pt file(s)
[MultiviewWanVideoVAE] Loaded Wan 2.1 into crossview_vae: /home/piado/scratch/Wan2.1_VAE.pth
  -> 194 ckpt keys; 228 missing, 90 unexpected
modulated mixed image ratio: 0.0
[step_time] Average wall time over first 10 training steps: 1.7671 s
[1;34mwandb[0m: 
[1;34mwandb[0m: 🚀 View run [33mgeneralization_gen_none__perc1p5__k1em6_256px_1__lpdefault_per1.5_kl1e-06_vc0.0_discnone_gdwna[0m at: [34mhttps://wandb.ai/pia-uni/wan_multiview_vae/runs/h5tj0pkm[0m
