chgrp: changing group of 'outputs/4v_256px_allpeople_one_expr_lr5e4_compile__job3954041/batch_probe_results.jsonl': Operation not permitted
chgrp: changing group of 'outputs/4v_256px_allpeople_one_expr_lr5e4_compile__job3954041/config.txt': Operation not permitted
chgrp: changing group of 'outputs/4v_256px_allpeople_one_expr_lr5e4_compile__job3954041/epoch0-global_step5/ema.pt': Operation not permitted
chgrp: changing group of 'outputs/4v_256px_allpeople_one_expr_lr5e4_compile__job3954041/epoch0-global_step5/model/model-00001.safetensors': Operation not permitted
chgrp: changing group of 'outputs/4v_256px_allpeople_one_expr_lr5e4_compile__job3954041/epoch0-global_step5/model/model.safetensors.index.json': Operation not permitted
chgrp: changing group of 'outputs/4v_256px_allpeople_one_expr_lr5e4_compile__job3954041/epoch0-global_step5/model': Operation not permitted
chgrp: changing group of 'outputs/4v_256px_allpeople_one_expr_lr5e4_compile__job3954041/epoch0-global_step5/optimizer': Operation not permitted
chgrp: changing group of 'outputs/4v_256px_allpeople_one_expr_lr5e4_compile__job3954041/epoch0-global_step5/running_states.json': Operation not permitted
chgrp: changing group of 'outputs/4v_256px_allpeople_one_expr_lr5e4_compile__job3954041/epoch0-global_step5': Operation not permitted
chgrp: changing group of 'outputs/4v_256px_allpeople_one_expr_lr5e4_compile__job3954041/eval_metrics.jsonl': Operation not permitted
chgrp: changing group of 'outputs/4v_256px_allpeople_one_expr_lr5e4_compile__job3954041/log.txt': Operation not permitted
chgrp: changing group of 'outputs/4v_256px_allpeople_one_expr_lr5e4_compile__job3954041/loss_config.json': Operation not permitted
chgrp: changing group of 'outputs/4v_256px_allpeople_one_expr_lr5e4_compile__job3954041/train_debug_stats.jsonl': Operation not permitted
chgrp: changing group of 'outputs/4v_256px_allpeople_one_expr_lr5e4_compile__job3954041': Operation not permitted
[[34m2026-06-14 13:37:44[0m] Experiment directory created at outputs/4v_256px_allpeople_one_expr_lr5e4_compile__job3954041
[[34m2026-06-14 13:37:44[0m] Determinism mode: cuBLAS workspace, cudnn deterministic, TF32 disabled, torch.use_deterministic_algorithms(warn_only=True); data workers use seed+worker_id; epoch Python RNG uses seed+rank. Multi-GPU ZeRO and BF16 may still break bit-for-bit replay.
[[34m2026-06-14 13:37:44[0m] Using explicit global grad clipping (max_norm=2.0) with DP all-reduce; plugin-internal clipping disabled to avoid ZeRO shard-local clipping ambiguity.
[[34m2026-06-14 13:37:44[0m] Training configuration:
 {'DATA_ROOT': '/datasets/lindell-proj/neumayr/nersemble_v2/processed/4-frames/256-res',
 '_gen_loss_config': None,
 '_optim_discriminator': None,
 '_resolved': {'bucket_key': '128px_ar1:1',
               'data_root': '/datasets/lindell-proj/neumayr/nersemble_v2/processed/8-frames/128-res',
               'load_from_128_for_64_high_t': False,
               'load_res_fallback': None,
               'train_target_frames': 9,
               'train_target_hw': (128, 128)},
 '_val_participants': [97, 175, 226, 18, 30, 38, 85, 124, 227, 240],
 'accumulation_steps': 1,
 'all_people_expression_sequence': 'EMO-1-shout+laugh',
 'batch_size': 32,
 'bucket_config': {'256px_ar1:1': {9: (1.0, 1)}},
 'config_path': '/home/piado/projects/aip-lindell/piado/vae/Open-Sora/configs/vae/train/wan_multiview_finetune.py',
 'data_preset': 'all_people_one_expression',
 'dataset': {'data_path': '/datasets/lindell-proj/neumayr/nersemble_v2/processed/4-frames/256-res',
             'exclude_participants': [97,
                                      175,
                                      226,
                                      18,
                                      30,
                                      38,
                                      85,
                                      124,
                                      227,
                                      240],
             'expression_sequence': 'EMO-1-shout+laugh',
             'participants': None,
             'repeat': 1,
             'scan_subdirs': True,
             'skip_mismatched_views': True,
             'type': 'pt_video'},
 'dataset_presets': {'__default__': {'data_path': '/datasets/lindell-proj/neumayr/nersemble_v2/processed/4-frames/256-res',
                                     'participants': [17,
                                                      18,
                                                      30,
                                                      31,
                                                      32,
                                                      33,
                                                      35,
                                                      36,
                                                      37],
                                     'repeat': 1,
                                     'scan_subdirs': True,
                                     'type': 'pt_video'},
                     'all_people': {'data_path': '/datasets/lindell-proj/neumayr/nersemble_v2/processed/4-frames/256-res',
                                    'exclude_participants': [97,
                                                             175,
                                                             226,
                                                             18,
                                                             30,
                                                             38,
                                                             85,
                                                             124,
                                                             227,
                                                             240],
                                    'expected_views': 2,
                                    'participants': None,
                                    'repeat': 1,
                                    'scan_subdirs': True,
                                    'skip_mismatched_views': True,
                                    'type': 'pt_video'},
                     'all_people_one_expression': {'data_path': '/datasets/lindell-proj/neumayr/nersemble_v2/processed/4-frames/256-res',
                                                   'exclude_participants': [97,
                                                                            175,
                                                                            226,
                                                                            18,
                                                                            30,
                                                                            38,
                                                                            85,
                                                                            124,
                                                                            227,
                                                                            240],
                                                   'expression_sequence': 'EMO-1-shout+laugh',
                                                   'participants': None,
                                                   'repeat': 1,
                                                   'scan_subdirs': True,
                                                   'skip_mismatched_views': True,
                                                   'type': 'pt_video'},
                     'one_person': {'data_path': '/datasets/lindell-proj/neumayr/nersemble_v2/processed/4-frames/256-res',
                                    'exclude_sequences': ['EMO-4-disgust+happy',
                                                          'SEN-10-port_strong_smokey'],
                                    'participants': [18],
                                    'repeat': 1,
                                    'scan_subdirs': True,
                                    'type': 'pt_video'},
                     'single_sequence': {'data_path': '/datasets/lindell-proj/neumayr/nersemble_v2/processed/4-frames/256-res/p017/EMO-1-shout+laugh/frames.pt',
                                         'repeat': 1,
                                         'type': 'pt_video'},
                     'some_people': {'data_path': '/datasets/lindell-proj/neumayr/nersemble_v2/processed/4-frames/256-res',
                                     'participants': [17,
                                                      31,
                                                      32,
                                                      33,
                                                      35,
                                                      36,
                                                      37],
                                     'repeat': 1,
                                     'scan_subdirs': True,
                                     'type': 'pt_video'}},
 'debug_stats_every': 1,
 'debug_stats_start_step': 0,
 'debug_stats_weight_every': 50,
 'deterministic': True,
 'disc_learning_rate': None,
 'disc_multiview_mode': 'joint_4d',
 'disc_per_frame_2d': False,
 'discriminator': None,
 'discriminator_choice': 'none',
 'dtype': 'bf16',
 'dynamo_backend': 'no',
 'ema_decay': 0.9999,
 'epochs': 100000,
 'eval_at_steps': [10, 100, 500, 1000, 1500],
 'eval_batch_size': 1,
 'eval_every': 500,
 'eval_num_samples': 0,
 'eval_use_ema': True,
 'experiment_name': '4v_256px_allpeople_one_expr_lr5e4_compile__job3954041',
 'final_eval': True,
 'final_eval_num_samples': 0,
 'fixed_seq_eval_every_epochs': 0,
 'full_eval_every': 500,
 'gan_log_adaptive_grad_metrics': False,
 'gen_disc_weight': None,
 'grad_checkpoint': True,
 'grad_clip': 2.0,
 'keep_n_latest': 5,
 'kl_loss_weight': 1e-06,
 'learning_rate': 0.0005,
 'log_bottleneck_every': 0,
 'log_every': 500,
 'log_latent_shapes_every': 0,
 'log_memory': True,
 'log_step_time': True,
 'log_training_design_summary': True,
 'log_training_param_overview': True,
 'logvar_init': 0.0,
 'lr_scheduler': {'decay_factor': 0.5,
                  'decay_steps': 5000,
                  'min_lr': 5e-06,
                  'use_exponential_decay': False,
                  'warmup_steps': 0},
 'mixed_image_ratio': 0.0,
 'mixed_strategy': None,
 'model': {'freeze_temporal': True,
           'from_pretrained': '/home/piado/scratch/Wan2.1_VAE.pth',
           'from_scratch': False,
           'full_finetune_decoder': False,
           'fusion_mode': 'cross_attention',
           'lora_rank': 32,
           'train_spatial': True,
           'type': 'multiview_wan_video_vae',
           'use_crossview_encoder': True,
           'use_lora': True,
           'use_lora_after': True,
           'use_lora_before': False,
           'use_view_embedding': False,
           'use_view_group_fusion': False,
           'use_viewwise_decoder_lora': False,
           'view_compression': 2,
           'view_in': 0,
           'view_mixing_strategy': 'embedding',
           'z_dim': 16},
 'nersemble_processed_base': '/datasets/lindell-proj/neumayr/nersemble_v2/processed/4-frames',
 'num_bucket_build_workers': 1,
 'num_reconstruction_vis_samples': 1,
 'num_workers': 8,
 'optim': {'betas': (0.9, 0.98),
           'cls': 'AdamW',
           'eps': 1e-08,
           'lr': 0.0001,
           'weight_decay': 0.0},
 'optimization': True,
 'optimization_compile_mode': 'reduce-overhead',
 'outputs': 'outputs',
 'perceptual_loss_weight': 1.5,
 'persistent_workers': True,
 'pin_memory_cache_pre_alloc_numels': None,
 'plugin': 'none',
 'plugin_config': {'overlap_allgather': False, 'reduce_bucket_size_in_m': 128},
 'prefetch_factor': 4,
 'profile_step': False,
 'profile_timing': False,
 'profile_timing_step': 50,
 'save_ckpt': True,
 'seed': 42,
 'sweep_gen_disc_weight': None,
 'train_psnr_guard': False,
 'train_psnr_guard_consecutive': 5,
 'train_psnr_guard_min_epochs': 0,
 'train_psnr_guard_start_epoch': 0,
 'train_psnr_guard_threshold': 15.0,
 'train_target_frames': 9,
 'train_target_hw': (256, 256),
 'update_warmup_steps': False,
 'vae_loss_config': {'kl_loss_weight': 1e-06,
                     'logvar_init': 0.0,
                     'perceptual_loss_weight': 1.5,
                     'view_consistency_weight': 0.0},
 'vae_loss_preset': 'default',
 'vae_target_range': '[-1,1]',
 'val_dataset': {'data_path': '/datasets/lindell-proj/neumayr/nersemble_v2/processed/4-frames/256-res',
                 'expression_sequence': 'EMO-1-shout+laugh',
                 'participants': [97, 175, 226, 18, 30, 38, 85, 124, 227, 240],
                 'repeat': 1,
                 'scan_subdirs': True,
                 'skip_mismatched_views': True,
                 'type': 'pt_video'},
 'val_dataset_presets': {'__default__': None,
                         'all_people': {'data_path': '/datasets/lindell-proj/neumayr/nersemble_v2/processed/4-frames/256-res',
                                        'expected_views': 2,
                                        'participants': [97,
                                                         175,
                                                         226,
                                                         18,
                                                         30,
                                                         38,
                                                         85,
                                                         124,
                                                         227,
                                                         240],
                                        'repeat': 1,
                                        'scan_subdirs': True,
                                        'skip_mismatched_views': True,
                                        'type': 'pt_video'},
                         'all_people_one_expression': {'data_path': '/datasets/lindell-proj/neumayr/nersemble_v2/processed/4-frames/256-res',
                                                       'expression_sequence': 'EMO-1-shout+laugh',
                                                       'participants': [97,
                                                                        175,
                                                                        226,
                                                                        18,
                                                                        30,
                                                                        38,
                                                                        85,
                                                                        124,
                                                                        227,
                                                                        240],
                                                       'repeat': 1,
                                                       'scan_subdirs': True,
                                                       'skip_mismatched_views': True,
                                                       'type': 'pt_video'},
                         'one_person': {'data_path': '/datasets/lindell-proj/neumayr/nersemble_v2/processed/4-frames/256-res',
                                        'include_only_sequences': ['EMO-4-disgust+happy',
                                                                   'SEN-10-port_strong_smokey'],
                                        'participants': [17],
                                        'repeat': 1,
                                        'scan_subdirs': True,
                                        'type': 'pt_video'},
                         'single_sequence': None,
                         'some_people': {'data_path': '/datasets/lindell-proj/neumayr/nersemble_v2/processed/4-frames/256-res',
                                         'participants': [18, 30],
                                         'repeat': 1,
                                         'scan_subdirs': True,
                                         'type': 'pt_video'}},
 'view_consistency_weight': 0.0,
 'view_flatten_in_disc': False,
 'view_flatten_in_loss': False,
 'wandb': True,
 'wandb_expr_name': '4v_256px_allpeople_one_expr_lr5e4_compile',
 'wandb_min_steps_before_init': 10,
 'wandb_project': 'wan_multiview_vae'}
[[34m2026-06-14 13:37:44[0m] Building dataset...
[[34m2026-06-14 13:37:44[0m] Dataset contains 405 samples.
[[34m2026-06-14 13:37:44[0m] Val (held-out) dataset contains 10 samples.
[[34m2026-06-14 13:37:44[0m] Fixed per-frame eval sequence name: EMO-1-shout+laugh (train idx=0, val idx=0)
[[34m2026-06-14 13:37:44[0m] Building models...
[[34m2026-06-14 13:37:44[0m] Auto-detected model.view_in=4 from first dataset sample
[[34m2026-06-14 13:37:45[0m] [MultiviewWanVideoVAE] Number of parameters: 161.23 M
[[34m2026-06-14 13:37:45[0m] [MultiviewWanVideoVAE] Number of trainable parameters: 75.13 M
[[34m2026-06-14 13:37:47[0m] EMA model created.
[[34m2026-06-14 13:37:47[0m] [optimization] channels_last_3d: disabled (fragile with view() ops and compile cache)
[[34m2026-06-14 13:37:47[0m] VAE trainable params (optimizer): 78,780,400
[[34m2026-06-14 13:37:47[0m] [optimization] torch.compile: mode=reduce-overhead (first step will be slow)
[[34m2026-06-14 13:37:47[0m] Preparing for distributed training...
[[34m2026-06-14 13:37:47[0m] Optimizer AdamW has no `.backward`; using booster.backward(loss=...) compatibility path.
[[34m2026-06-14 13:37:47[0m] Boosted model for distributed training
[[34m2026-06-14 13:37:47[0m] Training for 100000 epochs with 405 steps per epoch
[[34m2026-06-14 13:37:47[0m] [optimization] Warming up torch.compile eval graph (one-time, before training loop)...
[[34m2026-06-14 13:38:10[0m] [AttentionMultiViewVideoVan] latent shape: (1, 16, 3, 32, 32)  (B=1, z_dim=16, T'=3, H'=32, W'=32)
[[34m2026-06-14 13:38:39[0m] [optimization] Eval graph warm-up done.
[rank0]:[W614 13:38:39.133611005 ProcessGroupNCCL.cpp:5138] Guessing device ID based on global rank. This can cause a hang if rank to GPU mapping is heterogeneous. You can specify device_id in init_process_group()
train:   0%|          | 0/405 [00:00<?, ?it/s]train:   0%|          | 0/405 [00:00<?, ?it/s, epoch=0]train:   0%|          | 1/405 [00:00<01:55,  3.50it/s, epoch=0][[34m2026-06-14 13:38:40[0m] ======== Wan multiview / crossview design summary (one-time) ========
[[34m2026-06-14 13:38:40[0m] use_crossview_encoder=True
[[34m2026-06-14 13:38:40[0m] fusion_mode='cross_attention'
[[34m2026-06-14 13:38:40[0m]   -> Bidirectional cross-attention between views: each view attends to the other view’s tokens, then features are combined for the rest of the encoder/decoder. Strong when views are aligned but not identical.
[[34m2026-06-14 13:38:40[0m] view_in=4, view_mixing_strategy=embedding
[[34m2026-06-14 13:38:40[0m] use_view_embedding vs use_viewwise_decoder_lora: per-view additive embeddings bias early (or latent) features with a small vector per view; viewwise_decoder_lora adds low-rank adapters on the decoder side conditioned by view index—typically more flexible than a single embedding per view for reconstruction, at the cost of more trainable parameters.
[[34m2026-06-14 13:38:40[0m]   use_view_embedding=False
[[34m2026-06-14 13:38:40[0m]   use_viewwise_decoder_lora=False
[[34m2026-06-14 13:38:40[0m] use_lora=True, use_lora_before=False, use_lora_after=True, lora_rank=32. Before = LoRA on the encoder stem / early downsampling; after = bottleneck and later decoder. Both can be enabled for two complementary adaptation regions.
[[34m2026-06-14 13:38:40[0m] LoRA rank: all listed adapters in this stack typically share this rank. Larger rank increases adapter capacity and parameter count roughly linearly in rank; too high can overfit small datasets, too low can underfit cross-view cues.
[[34m2026-06-14 13:38:40[0m] freeze_temporal=True, train_spatial=True
[[34m2026-06-14 13:38:40[0m] ======== end design summary ========
[[34m2026-06-14 13:38:40[0m] [VAE] param overview: total=161.23 M trainable=75.13 M (46.60% of weights) frozen=86.10 M
[[34m2026-06-14 13:38:40[0m] [VAE] LoRA trainable: 998.59 K (1.3% of trainable); heuristic attention/cross-fusion LoRA: 998.59 K (100.0% of LoRA); other LoRA: 0
[[34m2026-06-14 13:38:40[0m] [VAE] base trainable (non-LoRA): 74.16 M (98.7% of trainable)
[[34m2026-06-14 13:38:40[0m] [VAE] LoRA heuristic buckets (buckets overlap if a name matches multiple hints): encoder/stem-ish=275.50 K, decoder-ish=723.09 K, viewwise-ish=0
train:   0%|          | 2/405 [00:53<3:29:17, 31.16s/it, epoch=0]train:   1%|          | 3/405 [00:55<2:02:19, 18.26s/it, epoch=0]train:   1%|          | 4/405 [00:58<1:19:54, 11.96s/it, epoch=0]train:   1%|          | 5/405 [01:00<56:06,  8.42s/it, epoch=0]  train:   1%|▏         | 6/405 [01:02<41:45,  6.28s/it, epoch=0]train:   2%|▏         | 7/405 [01:04<32:40,  4.93s/it, epoch=0]train:   2%|▏         | 8/405 [01:06<26:42,  4.04s/it, epoch=0]train:   2%|▏         | 9/405 [01:08<22:43,  3.44s/it, epoch=0]train:   2%|▏         | 10/405 [01:11<20:00,  3.04s/it, epoch=0][[34m2026-06-14 13:40:13[0m] [step_time] Average wall time over first 10 training steps: 9.3588 s
                                                                train:   2%|▏         | 10/405 [01:33<20:00,  3.04s/it, epoch=0][[34m2026-06-14 13:40:13[0m] Running full evaluation at step 10 (val)...
[[34m2026-06-14 13:40:30[0m] Evaluation (val) - PSNR: 15.19 ± 1.73, SSIM: 0.0378 ± 0.0137, MSE: 0.032673 ± 0.009562
train:   3%|▎         | 11/405 [01:50<1:32:23, 14.07s/it, epoch=0][[34m2026-06-14 13:40:30[0m] Initializing wandb after step 11 (threshold 10) with run name: 4v_256px_allpeople_one_expr_lr5e4_compile__lpdefault_per1.5_kl1e-06_vc0.0_discnone_gdwna
wandb: [wandb.login()] Loaded credentials for https://api.wandb.ai from /home/piado/.netrc.
wandb: Currently logged in as: piadonabauer (pia-uni) to https://api.wandb.ai. Use `wandb login --relogin` to force relogin
wandb: Tracking run with wandb version 0.24.0
wandb: Run data is saved locally in outputs/4v_256px_allpeople_one_expr_lr5e4_compile__job3954041/wandb/run-20260614_134030-gc7kz8vu
wandb: Run `wandb offline` to turn off syncing.
wandb: Syncing run 4v_256px_allpeople_one_expr_lr5e4_compile__lpdefault_per1.5_kl1e-06_vc0.0_discnone_gdwna
wandb: ⭐️ View project at https://wandb.ai/pia-uni/wan_multiview_vae
wandb: 🚀 View run at https://wandb.ai/pia-uni/wan_multiview_vae/runs/gc7kz8vu
wandb: WARNING Symlinked 1 file into the W&B run directory; call wandb.save again to sync new files.
[[34m2026-06-14 13:40:32[0m] Wandb run URL: https://wandb.ai/pia-uni/wan_multiview_vae/runs/gc7kz8vu
train:   3%|▎         | 12/405 [01:54<1:13:01, 11.15s/it, epoch=0]train:   3%|▎         | 13/405 [01:56<55:00,  8.42s/it, epoch=0]  train:   3%|▎         | 14/405 [01:58<42:30,  6.52s/it, epoch=0][2026-06-14T13:40:40.013] error: *** JOB 3954041 ON kn027 CANCELLED AT 2026-06-14T13:40:40 DUE to SIGNAL Terminated ***
