=== wan_multiview_loss_sweep_mv4d task 10/36 idx=9 ===
wandb_expr_name=sweep_mv4d__perc1p5__d03__k1em6
experiment_name (outputs dir)=sweep_mv4d__perc1p5__d03__k1em6__job3159062_t10
Overrides: --discriminator_choice TrainMultiview4D --vae_loss_config.perceptual_loss_weight 1.5 --gen_disc_weight 0.3 --vae_loss_config.kl_loss_weight 1e-6
Tue Apr 14 15:47:54 2026       
+-----------------------------------------------------------------------------------------+
| NVIDIA-SMI 570.148.08             Driver Version: 570.148.08     CUDA Version: 12.8     |
|-----------------------------------------+------------------------+----------------------+
| GPU  Name                 Persistence-M | Bus-Id          Disp.A | Volatile Uncorr. ECC |
| Fan  Temp   Perf          Pwr:Usage/Cap |           Memory-Usage | GPU-Util  Compute M. |
|                                         |                        |               MIG M. |
|=========================================+========================+======================|
|   0  NVIDIA L40S                    On  |   00000000:CA:00.0 Off |                    0 |
| N/A   54C    P8             44W /  350W |       0MiB /  46068MiB |      0%      Default |
|                                         |                        |                  N/A |
+-----------------------------------------+------------------------+----------------------+
                                                                                         
+-----------------------------------------------------------------------------------------+
| Processes:                                                                              |
|  GPU   GI   CI              PID   Type   Process name                        GPU Memory |
|        ID   ID                                                               Usage      |
|=========================================================================================|
|  No running processes found                                                             |
+-----------------------------------------------------------------------------------------+
MASTER_ADDR=127.0.0.1 MASTER_PORT=39072
DYNAMO_BACKEND=inductor
Launch attempt 1/3 on port 39072
changing outputs/sweep_mv4d__perc1p5__d03__k1em6__job3159062_t10 to share
PTVideoDataset: Found 405 .pt file(s)
PTVideoDataset: Found 10 .pt file(s)
[MultiviewWanVideoVAE] Loaded Wan 2.1 into crossview_vae: /home/piado/scratch/Wan2.1_VAE.pth
  -> 194 ckpt keys; 228 missing, 90 unexpected
modulated mixed image ratio: 0.0
[step_time] Average wall time over first 10 training steps: 2.9628 s
[1;34mwandb[0m: 
[1;34mwandb[0m: 🚀 View run [33msweep_mv4d__perc1p5__d03__k1em6__lpdefault_per1.5_kl1e-06_vc0.0_discTrainMultiview4D_gdw0.1[0m at: [34mhttps://wandb.ai/pia-uni/wan_multiview_vae/runs/s3wa60t8[0m
