=== wan_multiview_loss_sweep task 30/81 idx=29 ===
wandb_expr_name=sweep_train__perc2p0__d02__k1em8
experiment_name (outputs dir)=sweep_train__perc2p0__d02__k1em8__job3154106_t30
Overrides: --discriminator_choice Train --vae_loss_config.perceptual_loss_weight 2.0 --gen_disc_weight 0.2 --vae_loss_config.kl_loss_weight 1e-8
Tue Apr 14 13:05:57 2026       
+-----------------------------------------------------------------------------------------+
| NVIDIA-SMI 570.148.08             Driver Version: 570.148.08     CUDA Version: 12.8     |
|-----------------------------------------+------------------------+----------------------+
| GPU  Name                 Persistence-M | Bus-Id          Disp.A | Volatile Uncorr. ECC |
| Fan  Temp   Perf          Pwr:Usage/Cap |           Memory-Usage | GPU-Util  Compute M. |
|                                         |                        |               MIG M. |
|=========================================+========================+======================|
|   0  NVIDIA L40S                    On  |   00000000:E3:00.0 Off |                    0 |
| N/A   32C    P8             33W /  350W |       0MiB /  46068MiB |      0%      Default |
|                                         |                        |                  N/A |
+-----------------------------------------+------------------------+----------------------+
                                                                                         
+-----------------------------------------------------------------------------------------+
| Processes:                                                                              |
|  GPU   GI   CI              PID   Type   Process name                        GPU Memory |
|        ID   ID                                                               Usage      |
|=========================================================================================|
|  No running processes found                                                             |
+-----------------------------------------------------------------------------------------+
MASTER_ADDR=127.0.0.1 MASTER_PORT=34136
DYNAMO_BACKEND=inductor
Launch attempt 1/3 on port 34136
changing outputs/sweep_train__perc2p0__d02__k1em8__job3154106_t30 to share
PTVideoDataset: Found 405 .pt file(s)
PTVideoDataset: Found 10 .pt file(s)
[MultiviewWanVideoVAE] Loaded Wan 2.1 into crossview_vae: /home/piado/scratch/Wan2.1_VAE.pth
  -> 194 ckpt keys; 228 missing, 90 unexpected
modulated mixed image ratio: 0.0
[step_time] Average wall time over first 10 training steps: 2.9426 s
[1;34mwandb[0m: 
[1;34mwandb[0m: 🚀 View run [33msweep_train__perc2p0__d02__k1em8__lpdefault_per2.0_kl1e-08_vc0.0_discTrain_gdw0.1[0m at: [34mhttps://wandb.ai/pia-uni/wan_multiview_vae/runs/uzoxe9np[0m
