=== wan_multiview_generalization task 2/2 idx=1 ===
wandb_expr_name=generalization_gen_none__perc1p5__k1em6_256px_logging
experiment_name (outputs dir)=generalization_gen_none__perc1p5__k1em6_256px_logging__job3280616_t2
Overrides: --save_ckpt True
Resume checkpoint: /home/piado/projects/aip-lindell/piado/vae/Open-Sora/outputs/generalization_gen_none__perc1p5__k1em6_256px_logging__job3268368_t1/epoch119-global_step6000
Fri Apr 24 14:50:04 2026       
+-----------------------------------------------------------------------------------------+
| NVIDIA-SMI 570.148.08             Driver Version: 570.148.08     CUDA Version: 12.8     |
|-----------------------------------------+------------------------+----------------------+
| GPU  Name                 Persistence-M | Bus-Id          Disp.A | Volatile Uncorr. ECC |
| Fan  Temp   Perf          Pwr:Usage/Cap |           Memory-Usage | GPU-Util  Compute M. |
|                                         |                        |               MIG M. |
|=========================================+========================+======================|
|   0  NVIDIA L40S                    On  |   00000000:65:00.0 Off |                    0 |
| N/A   28C    P8             33W /  350W |       0MiB /  46068MiB |      0%      Default |
|                                         |                        |                  N/A |
+-----------------------------------------+------------------------+----------------------+
                                                                                         
+-----------------------------------------------------------------------------------------+
| Processes:                                                                              |
|  GPU   GI   CI              PID   Type   Process name                        GPU Memory |
|        ID   ID                                                               Usage      |
|=========================================================================================|
|  No running processes found                                                             |
+-----------------------------------------------------------------------------------------+
MASTER_ADDR=127.0.0.1 MASTER_PORT=20618
DYNAMO_BACKEND=inductor
Launch attempt 1/3 on port 20618
[wan_multiview] effective data: epochs=100000 DATA_ROOT=/datasets/lindell-proj/neumayr/nersemble_v2/processed/256-res train_target_hw=(256, 256) train_target_frames=9 bucket_config={'256px_ar1:1': {9: (1.0, 1)}}
changing outputs/generalization_gen_none__perc1p5__k1em6_256px_logging__job3280616_t2 to share
PTVideoDataset: Found 401 .pt file(s)
PTVideoDataset: Found 9 .pt file(s)
[MultiviewWanVideoVAE] Loaded Wan 2.1 into crossview_vae: /home/piado/scratch/Wan2.1_VAE.pth
  -> 194 ckpt keys; 228 missing, 90 unexpected
modulated mixed image ratio: 0.0
[step_time] Average wall time over first 10 training steps: 4.2355 s
