=== wan_multiview_loss_sweep_mv4d task 33/36 idx=32 ===
wandb_expr_name=sweep_mv4d__perc3p0__d02__k1em8
experiment_name (outputs dir)=sweep_mv4d__perc3p0__d02__k1em8__job3163134_t33
Overrides: --discriminator_choice TrainMultiview4D --vae_loss_config.perceptual_loss_weight 3.0 --gen_disc_weight 0.2 --vae_loss_config.kl_loss_weight 1e-8
Tue Apr 14 21:26:01 2026       
+-----------------------------------------------------------------------------------------+
| NVIDIA-SMI 570.148.08             Driver Version: 570.148.08     CUDA Version: 12.8     |
|-----------------------------------------+------------------------+----------------------+
| GPU  Name                 Persistence-M | Bus-Id          Disp.A | Volatile Uncorr. ECC |
| Fan  Temp   Perf          Pwr:Usage/Cap |           Memory-Usage | GPU-Util  Compute M. |
|                                         |                        |               MIG M. |
|=========================================+========================+======================|
|   0  NVIDIA L40S                    On  |   00000000:CA:00.0 Off |                    0 |
| N/A   40C    P8             37W /  350W |       0MiB /  46068MiB |      0%      Default |
|                                         |                        |                  N/A |
+-----------------------------------------+------------------------+----------------------+
                                                                                         
+-----------------------------------------------------------------------------------------+
| Processes:                                                                              |
|  GPU   GI   CI              PID   Type   Process name                        GPU Memory |
|        ID   ID                                                               Usage      |
|=========================================================================================|
|  No running processes found                                                             |
+-----------------------------------------------------------------------------------------+
MASTER_ADDR=127.0.0.1 MASTER_PORT=23167
DYNAMO_BACKEND=inductor
Launch attempt 1/3 on port 23167
changing outputs/sweep_mv4d__perc3p0__d02__k1em8__job3163134_t33 to share
PTVideoDataset: Found 405 .pt file(s)
PTVideoDataset: Found 10 .pt file(s)
[MultiviewWanVideoVAE] Loaded Wan 2.1 into crossview_vae: /home/piado/scratch/Wan2.1_VAE.pth
  -> 194 ckpt keys; 228 missing, 90 unexpected
modulated mixed image ratio: 0.0
[step_time] Average wall time over first 10 training steps: 3.0756 s
